Mon 10 Nov 2025 07:29:28 IST

SLURM_JOBID:		 8060819
SLURM_JOB_NODELIST:	 cs-3090-01 

configuration parmas running: problem_type=vision es_algorithms=LES
Successfully loaded: MNIST
Loading Problems ..:   0%|                                                                    | 0/4 [00:00<?, ?it/s]
running the experiment ... [../../results/TorchVisionProblem/MNIST/LearnedES/0]
Running ES algorithms:   0%|                                                                  | 0/1 [00:00<?, ?it/s][A2025-11-10 07:30:04.558991: W external/xla/xla/tsl/framework/bfc_allocator.cc:310] Allocator (GPU_0_bfc) ran out of memory trying to allocate 6.14GiB with freed_by_count=0. The caller indicates that this is not a failure, but this may mean that there could be performance gains if more memory were available.
2025-11-10 07:30:04.559038: W external/xla/xla/tsl/framework/bfc_allocator.cc:310] Allocator (GPU_0_bfc) ran out of memory trying to allocate 6.14GiB with freed_by_count=0. The caller indicates that this is not a failure, but this may mean that there could be performance gains if more memory were available.
2025-11-10 07:30:04.559062: W external/xla/xla/tsl/framework/bfc_allocator.cc:310] Allocator (GPU_0_bfc) ran out of memory trying to allocate 6.14GiB with freed_by_count=0. The caller indicates that this is not a failure, but this may mean that there could be performance gains if more memory were available.
2025-11-10 07:30:04.559081: W external/xla/xla/tsl/framework/bfc_allocator.cc:310] Allocator (GPU_0_bfc) ran out of memory trying to allocate 6.15GiB with freed_by_count=0. The caller indicates that this is not a failure, but this may mean that there could be performance gains if more memory were available.
2025-11-10 07:30:04.687949: W external/xla/xla/tsl/framework/bfc_allocator.cc:310] Allocator (GPU_0_bfc) ran out of memory trying to allocate 6.15GiB with freed_by_count=0. The caller indicates that this is not a failure, but this may mean that there could be performance gains if more memory were available.
2025-11-10 07:30:04.688014: W external/xla/xla/tsl/framework/bfc_allocator.cc:310] Allocator (GPU_0_bfc) ran out of memory trying to allocate 6.15GiB with freed_by_count=0. The caller indicates that this is not a failure, but this may mean that there could be performance gains if more memory were available.
2025-11-10 07:30:04.688034: W external/xla/xla/tsl/framework/bfc_allocator.cc:310] Allocator (GPU_0_bfc) ran out of memory trying to allocate 6.15GiB with freed_by_count=0. The caller indicates that this is not a failure, but this may mean that there could be performance gains if more memory were available.
2025-11-10 07:30:04.688053: W external/xla/xla/tsl/framework/bfc_allocator.cc:310] Allocator (GPU_0_bfc) ran out of memory trying to allocate 6.15GiB with freed_by_count=0. The caller indicates that this is not a failure, but this may mean that there could be performance gains if more memory were available.
2025-11-10 07:30:04.688071: W external/xla/xla/tsl/framework/bfc_allocator.cc:310] Allocator (GPU_0_bfc) ran out of memory trying to allocate 6.15GiB with freed_by_count=0. The caller indicates that this is not a failure, but this may mean that there could be performance gains if more memory were available.
2025-11-10 07:30:04.688091: W external/xla/xla/tsl/framework/bfc_allocator.cc:310] Allocator (GPU_0_bfc) ran out of memory trying to allocate 6.15GiB with freed_by_count=0. The caller indicates that this is not a failure, but this may mean that there could be performance gains if more memory were available.
Generation 005 | Best fitness (Train): 6.03 | Best fitness in generation (Train): 6.03 | Mean fitness (Train): 10.08 | Mean fitness (Test): 2.57
 | Mean Accuracy (Test): 0.35
Generation 010 | Best fitness (Train): 6.03 | Best fitness in generation (Train): 6.42 | Mean fitness (Train): 8.92 | Mean fitness (Test): 3.04
 | Mean Accuracy (Test): 0.36
Generation 015 | Best fitness (Train): 5.11 | Best fitness in generation (Train): 5.11 | Mean fitness (Train): 7.91 | Mean fitness (Test): 2.83
 | Mean Accuracy (Test): 0.40
Generation 020 | Best fitness (Train): 4.80 | Best fitness in generation (Train): 5.26 | Mean fitness (Train): 7.57 | Mean fitness (Test): 2.56
 | Mean Accuracy (Test): 0.45
Generation 025 | Best fitness (Train): 4.61 | Best fitness in generation (Train): 4.61 | Mean fitness (Train): 6.99 | Mean fitness (Test): 2.20
 | Mean Accuracy (Test): 0.52
Generation 030 | Best fitness (Train): 4.61 | Best fitness in generation (Train): 4.70 | Mean fitness (Train): 6.38 | Mean fitness (Test): 2.63
 | Mean Accuracy (Test): 0.49
Generation 035 | Best fitness (Train): 4.04 | Best fitness in generation (Train): 4.33 | Mean fitness (Train): 6.22 | Mean fitness (Test): 2.16
 | Mean Accuracy (Test): 0.56
Generation 040 | Best fitness (Train): 3.74 | Best fitness in generation (Train): 3.90 | Mean fitness (Train): 5.69 | Mean fitness (Test): 2.17
 | Mean Accuracy (Test): 0.60
Generation 045 | Best fitness (Train): 3.54 | Best fitness in generation (Train): 3.69 | Mean fitness (Train): 5.22 | Mean fitness (Test): 1.98
 | Mean Accuracy (Test): 0.60
Generation 050 | Best fitness (Train): 3.18 | Best fitness in generation (Train): 3.39 | Mean fitness (Train): 5.06 | Mean fitness (Test): 1.75
 | Mean Accuracy (Test): 0.65
Generation 055 | Best fitness (Train): 3.18 | Best fitness in generation (Train): 3.22 | Mean fitness (Train): 4.69 | Mean fitness (Test): 1.74
 | Mean Accuracy (Test): 0.67
Generation 060 | Best fitness (Train): 3.18 | Best fitness in generation (Train): 3.46 | Mean fitness (Train): 4.66 | Mean fitness (Test): 2.12
 | Mean Accuracy (Test): 0.63
Generation 065 | Best fitness (Train): 2.70 | Best fitness in generation (Train): 2.93 | Mean fitness (Train): 4.24 | Mean fitness (Test): 1.82
 | Mean Accuracy (Test): 0.67
Generation 070 | Best fitness (Train): 2.70 | Best fitness in generation (Train): 2.98 | Mean fitness (Train): 4.28 | Mean fitness (Test): 1.95
 | Mean Accuracy (Test): 0.69
Generation 075 | Best fitness (Train): 2.70 | Best fitness in generation (Train): 2.88 | Mean fitness (Train): 3.94 | Mean fitness (Test): 1.85
 | Mean Accuracy (Test): 0.69
Generation 080 | Best fitness (Train): 2.67 | Best fitness in generation (Train): 2.67 | Mean fitness (Train): 3.74 | Mean fitness (Test): 1.69
 | Mean Accuracy (Test): 0.67
Generation 085 | Best fitness (Train): 2.54 | Best fitness in generation (Train): 2.54 | Mean fitness (Train): 3.72 | Mean fitness (Test): 1.69
 | Mean Accuracy (Test): 0.70
Generation 090 | Best fitness (Train): 2.42 | Best fitness in generation (Train): 2.48 | Mean fitness (Train): 3.59 | Mean fitness (Test): 1.58
 | Mean Accuracy (Test): 0.69
Generation 095 | Best fitness (Train): 2.18 | Best fitness in generation (Train): 2.18 | Mean fitness (Train): 3.11 | Mean fitness (Test): 1.44
 | Mean Accuracy (Test): 0.75
Generation 100 | Best fitness (Train): 2.18 | Best fitness in generation (Train): 2.36 | Mean fitness (Train): 3.10 | Mean fitness (Test): 1.51
 | Mean Accuracy (Test): 0.72
Generation 105 | Best fitness (Train): 2.15 | Best fitness in generation (Train): 2.15 | Mean fitness (Train): 2.89 | Mean fitness (Test): 1.53
 | Mean Accuracy (Test): 0.73
Generation 110 | Best fitness (Train): 2.00 | Best fitness in generation (Train): 2.20 | Mean fitness (Train): 2.90 | Mean fitness (Test): 1.45
 | Mean Accuracy (Test): 0.75
Generation 115 | Best fitness (Train): 1.83 | Best fitness in generation (Train): 1.98 | Mean fitness (Train): 2.70 | Mean fitness (Test): 1.50
 | Mean Accuracy (Test): 0.74
Generation 120 | Best fitness (Train): 1.83 | Best fitness in generation (Train): 1.88 | Mean fitness (Train): 2.54 | Mean fitness (Test): 1.36
 | Mean Accuracy (Test): 0.77
Generation 125 | Best fitness (Train): 1.83 | Best fitness in generation (Train): 1.84 | Mean fitness (Train): 2.45 | Mean fitness (Test): 1.34
 | Mean Accuracy (Test): 0.75
Generation 130 | Best fitness (Train): 1.74 | Best fitness in generation (Train): 1.74 | Mean fitness (Train): 2.39 | Mean fitness (Test): 1.23
 | Mean Accuracy (Test): 0.76
Generation 135 | Best fitness (Train): 1.72 | Best fitness in generation (Train): 1.75 | Mean fitness (Train): 2.27 | Mean fitness (Test): 1.25
 | Mean Accuracy (Test): 0.77
Generation 140 | Best fitness (Train): 1.65 | Best fitness in generation (Train): 1.65 | Mean fitness (Train): 2.08 | Mean fitness (Test): 1.34
 | Mean Accuracy (Test): 0.76
Generation 145 | Best fitness (Train): 1.50 | Best fitness in generation (Train): 1.78 | Mean fitness (Train): 2.30 | Mean fitness (Test): 1.30
 | Mean Accuracy (Test): 0.74
Generation 150 | Best fitness (Train): 1.43 | Best fitness in generation (Train): 1.43 | Mean fitness (Train): 1.90 | Mean fitness (Test): 1.03
 | Mean Accuracy (Test): 0.78
Generation 155 | Best fitness (Train): 1.43 | Best fitness in generation (Train): 1.63 | Mean fitness (Train): 2.05 | Mean fitness (Test): 1.15
 | Mean Accuracy (Test): 0.77
Generation 160 | Best fitness (Train): 1.42 | Best fitness in generation (Train): 1.52 | Mean fitness (Train): 1.91 | Mean fitness (Test): 1.15
 | Mean Accuracy (Test): 0.77
Generation 165 | Best fitness (Train): 1.42 | Best fitness in generation (Train): 1.45 | Mean fitness (Train): 1.74 | Mean fitness (Test): 1.10
 | Mean Accuracy (Test): 0.78
Generation 170 | Best fitness (Train): 1.22 | Best fitness in generation (Train): 1.28 | Mean fitness (Train): 1.62 | Mean fitness (Test): 0.94
 | Mean Accuracy (Test): 0.79
Generation 175 | Best fitness (Train): 1.11 | Best fitness in generation (Train): 1.11 | Mean fitness (Train): 1.42 | Mean fitness (Test): 1.06
 | Mean Accuracy (Test): 0.79
Generation 180 | Best fitness (Train): 1.11 | Best fitness in generation (Train): 1.20 | Mean fitness (Train): 1.52 | Mean fitness (Test): 1.12
 | Mean Accuracy (Test): 0.79
Generation 185 | Best fitness (Train): 1.11 | Best fitness in generation (Train): 1.32 | Mean fitness (Train): 1.59 | Mean fitness (Test): 1.00
 | Mean Accuracy (Test): 0.80
Generation 190 | Best fitness (Train): 1.11 | Best fitness in generation (Train): 1.21 | Mean fitness (Train): 1.50 | Mean fitness (Test): 1.14
 | Mean Accuracy (Test): 0.78
Generation 195 | Best fitness (Train): 1.11 | Best fitness in generation (Train): 1.21 | Mean fitness (Train): 1.52 | Mean fitness (Test): 0.91
 | Mean Accuracy (Test): 0.80
Generation 200 | Best fitness (Train): 1.09 | Best fitness in generation (Train): 1.09 | Mean fitness (Train): 1.33 | Mean fitness (Test): 0.93
 | Mean Accuracy (Test): 0.79
Generation 205 | Best fitness (Train): 0.96 | Best fitness in generation (Train): 1.07 | Mean fitness (Train): 1.36 | Mean fitness (Test): 0.92
 | Mean Accuracy (Test): 0.80
Generation 210 | Best fitness (Train): 0.96 | Best fitness in generation (Train): 1.10 | Mean fitness (Train): 1.33 | Mean fitness (Test): 0.87
 | Mean Accuracy (Test): 0.81
Generation 215 | Best fitness (Train): 0.96 | Best fitness in generation (Train): 1.12 | Mean fitness (Train): 1.31 | Mean fitness (Test): 0.81
 | Mean Accuracy (Test): 0.81
Generation 220 | Best fitness (Train): 0.95 | Best fitness in generation (Train): 1.07 | Mean fitness (Train): 1.29 | Mean fitness (Test): 0.96
 | Mean Accuracy (Test): 0.80
Generation 225 | Best fitness (Train): 0.95 | Best fitness in generation (Train): 1.02 | Mean fitness (Train): 1.26 | Mean fitness (Test): 0.84
 | Mean Accuracy (Test): 0.82
Generation 230 | Best fitness (Train): 0.95 | Best fitness in generation (Train): 1.10 | Mean fitness (Train): 1.32 | Mean fitness (Test): 0.83
 | Mean Accuracy (Test): 0.81
Generation 235 | Best fitness (Train): 0.95 | Best fitness in generation (Train): 1.03 | Mean fitness (Train): 1.21 | Mean fitness (Test): 0.84
 | Mean Accuracy (Test): 0.81
Generation 240 | Best fitness (Train): 0.90 | Best fitness in generation (Train): 0.96 | Mean fitness (Train): 1.13 | Mean fitness (Test): 0.86
 | Mean Accuracy (Test): 0.82
Generation 245 | Best fitness (Train): 0.90 | Best fitness in generation (Train): 1.08 | Mean fitness (Train): 1.28 | Mean fitness (Test): 0.87
 | Mean Accuracy (Test): 0.81
Generation 250 | Best fitness (Train): 0.81 | Best fitness in generation (Train): 0.81 | Mean fitness (Train): 0.97 | Mean fitness (Test): 0.79
 | Mean Accuracy (Test): 0.82
Generation 255 | Best fitness (Train): 0.78 | Best fitness in generation (Train): 0.78 | Mean fitness (Train): 0.93 | Mean fitness (Test): 0.87
 | Mean Accuracy (Test): 0.83
Generation 260 | Best fitness (Train): 0.78 | Best fitness in generation (Train): 0.84 | Mean fitness (Train): 1.00 | Mean fitness (Test): 0.76
 | Mean Accuracy (Test): 0.83
Generation 265 | Best fitness (Train): 0.78 | Best fitness in generation (Train): 0.87 | Mean fitness (Train): 1.03 | Mean fitness (Test): 0.83
 | Mean Accuracy (Test): 0.80
Generation 270 | Best fitness (Train): 0.78 | Best fitness in generation (Train): 0.85 | Mean fitness (Train): 1.00 | Mean fitness (Test): 0.74
 | Mean Accuracy (Test): 0.83
Generation 275 | Best fitness (Train): 0.78 | Best fitness in generation (Train): 0.78 | Mean fitness (Train): 0.91 | Mean fitness (Test): 0.81
 | Mean Accuracy (Test): 0.84
Generation 280 | Best fitness (Train): 0.74 | Best fitness in generation (Train): 0.82 | Mean fitness (Train): 0.93 | Mean fitness (Test): 0.67
 | Mean Accuracy (Test): 0.85
Generation 285 | Best fitness (Train): 0.60 | Best fitness in generation (Train): 0.81 | Mean fitness (Train): 0.95 | Mean fitness (Test): 0.67
 | Mean Accuracy (Test): 0.86
Generation 290 | Best fitness (Train): 0.60 | Best fitness in generation (Train): 0.80 | Mean fitness (Train): 0.93 | Mean fitness (Test): 0.64
 | Mean Accuracy (Test): 0.85
Generation 295 | Best fitness (Train): 0.60 | Best fitness in generation (Train): 0.66 | Mean fitness (Train): 0.79 | Mean fitness (Test): 0.61
 | Mean Accuracy (Test): 0.86
Generation 300 | Best fitness (Train): 0.60 | Best fitness in generation (Train): 0.73 | Mean fitness (Train): 0.86 | Mean fitness (Test): 0.59
 | Mean Accuracy (Test): 0.84
Generation 305 | Best fitness (Train): 0.60 | Best fitness in generation (Train): 0.73 | Mean fitness (Train): 0.83 | Mean fitness (Test): 0.59
 | Mean Accuracy (Test): 0.85
Generation 310 | Best fitness (Train): 0.60 | Best fitness in generation (Train): 0.66 | Mean fitness (Train): 0.79 | Mean fitness (Test): 0.66
 | Mean Accuracy (Test): 0.83
Generation 315 | Best fitness (Train): 0.57 | Best fitness in generation (Train): 0.69 | Mean fitness (Train): 0.78 | Mean fitness (Test): 0.64
 | Mean Accuracy (Test): 0.85
Generation 320 | Best fitness (Train): 0.57 | Best fitness in generation (Train): 0.69 | Mean fitness (Train): 0.76 | Mean fitness (Test): 0.65
 | Mean Accuracy (Test): 0.85
Generation 325 | Best fitness (Train): 0.57 | Best fitness in generation (Train): 0.69 | Mean fitness (Train): 0.76 | Mean fitness (Test): 0.52
 | Mean Accuracy (Test): 0.87
Generation 330 | Best fitness (Train): 0.57 | Best fitness in generation (Train): 0.64 | Mean fitness (Train): 0.71 | Mean fitness (Test): 0.58
 | Mean Accuracy (Test): 0.86
Generation 335 | Best fitness (Train): 0.55 | Best fitness in generation (Train): 0.70 | Mean fitness (Train): 0.76 | Mean fitness (Test): 0.55
 | Mean Accuracy (Test): 0.85
Generation 340 | Best fitness (Train): 0.53 | Best fitness in generation (Train): 0.67 | Mean fitness (Train): 0.75 | Mean fitness (Test): 0.62
 | Mean Accuracy (Test): 0.84
Generation 345 | Best fitness (Train): 0.53 | Best fitness in generation (Train): 0.64 | Mean fitness (Train): 0.72 | Mean fitness (Test): 0.62
 | Mean Accuracy (Test): 0.84
Generation 350 | Best fitness (Train): 0.53 | Best fitness in generation (Train): 0.60 | Mean fitness (Train): 0.65 | Mean fitness (Test): 0.61
 | Mean Accuracy (Test): 0.85
Generation 355 | Best fitness (Train): 0.53 | Best fitness in generation (Train): 0.59 | Mean fitness (Train): 0.67 | Mean fitness (Test): 0.56
 | Mean Accuracy (Test): 0.85
Generation 360 | Best fitness (Train): 0.53 | Best fitness in generation (Train): 0.64 | Mean fitness (Train): 0.70 | Mean fitness (Test): 0.51
 | Mean Accuracy (Test): 0.87
Generation 365 | Best fitness (Train): 0.53 | Best fitness in generation (Train): 0.53 | Mean fitness (Train): 0.58 | Mean fitness (Test): 0.56
 | Mean Accuracy (Test): 0.87
Generation 370 | Best fitness (Train): 0.47 | Best fitness in generation (Train): 0.57 | Mean fitness (Train): 0.63 | Mean fitness (Test): 0.50
 | Mean Accuracy (Test): 0.86
Generation 375 | Best fitness (Train): 0.47 | Best fitness in generation (Train): 0.50 | Mean fitness (Train): 0.56 | Mean fitness (Test): 0.50
 | Mean Accuracy (Test): 0.87
Generation 380 | Best fitness (Train): 0.47 | Best fitness in generation (Train): 0.52 | Mean fitness (Train): 0.57 | Mean fitness (Test): 0.59
 | Mean Accuracy (Test): 0.85
Generation 385 | Best fitness (Train): 0.44 | Best fitness in generation (Train): 0.57 | Mean fitness (Train): 0.65 | Mean fitness (Test): 0.55
 | Mean Accuracy (Test): 0.86
Generation 390 | Best fitness (Train): 0.44 | Best fitness in generation (Train): 0.56 | Mean fitness (Train): 0.62 | Mean fitness (Test): 0.51
 | Mean Accuracy (Test): 0.86
Generation 395 | Best fitness (Train): 0.44 | Best fitness in generation (Train): 0.50 | Mean fitness (Train): 0.56 | Mean fitness (Test): 0.54
 | Mean Accuracy (Test): 0.85
Generation 400 | Best fitness (Train): 0.44 | Best fitness in generation (Train): 0.52 | Mean fitness (Train): 0.57 | Mean fitness (Test): 0.54
 | Mean Accuracy (Test): 0.85
Generation 405 | Best fitness (Train): 0.44 | Best fitness in generation (Train): 0.59 | Mean fitness (Train): 0.63 | Mean fitness (Test): 0.53
 | Mean Accuracy (Test): 0.87
Generation 410 | Best fitness (Train): 0.44 | Best fitness in generation (Train): 0.54 | Mean fitness (Train): 0.59 | Mean fitness (Test): 0.47
 | Mean Accuracy (Test): 0.88
Generation 415 | Best fitness (Train): 0.44 | Best fitness in generation (Train): 0.49 | Mean fitness (Train): 0.53 | Mean fitness (Test): 0.45
 | Mean Accuracy (Test): 0.88
Generation 420 | Best fitness (Train): 0.44 | Best fitness in generation (Train): 0.53 | Mean fitness (Train): 0.57 | Mean fitness (Test): 0.47
 | Mean Accuracy (Test): 0.87
Generation 425 | Best fitness (Train): 0.44 | Best fitness in generation (Train): 0.51 | Mean fitness (Train): 0.55 | Mean fitness (Test): 0.52
 | Mean Accuracy (Test): 0.87
Generation 430 | Best fitness (Train): 0.38 | Best fitness in generation (Train): 0.38 | Mean fitness (Train): 0.42 | Mean fitness (Test): 0.43
 | Mean Accuracy (Test): 0.87
Generation 435 | Best fitness (Train): 0.38 | Best fitness in generation (Train): 0.39 | Mean fitness (Train): 0.42 | Mean fitness (Test): 0.52
 | Mean Accuracy (Test): 0.88
Generation 440 | Best fitness (Train): 0.38 | Best fitness in generation (Train): 0.51 | Mean fitness (Train): 0.56 | Mean fitness (Test): 0.47
 | Mean Accuracy (Test): 0.86
Generation 445 | Best fitness (Train): 0.38 | Best fitness in generation (Train): 0.56 | Mean fitness (Train): 0.59 | Mean fitness (Test): 0.52
 | Mean Accuracy (Test): 0.86
Generation 450 | Best fitness (Train): 0.38 | Best fitness in generation (Train): 0.44 | Mean fitness (Train): 0.48 | Mean fitness (Test): 0.50
 | Mean Accuracy (Test): 0.87
Generation 455 | Best fitness (Train): 0.38 | Best fitness in generation (Train): 0.46 | Mean fitness (Train): 0.49 | Mean fitness (Test): 0.47
 | Mean Accuracy (Test): 0.87
Generation 460 | Best fitness (Train): 0.38 | Best fitness in generation (Train): 0.48 | Mean fitness (Train): 0.51 | Mean fitness (Test): 0.41
 | Mean Accuracy (Test): 0.89
Generation 465 | Best fitness (Train): 0.38 | Best fitness in generation (Train): 0.49 | Mean fitness (Train): 0.52 | Mean fitness (Test): 0.38
 | Mean Accuracy (Test): 0.88
Generation 470 | Best fitness (Train): 0.38 | Best fitness in generation (Train): 0.49 | Mean fitness (Train): 0.53 | Mean fitness (Test): 0.40
 | Mean Accuracy (Test): 0.90
Generation 475 | Best fitness (Train): 0.38 | Best fitness in generation (Train): 0.45 | Mean fitness (Train): 0.48 | Mean fitness (Test): 0.57
 | Mean Accuracy (Test): 0.86
Generation 480 | Best fitness (Train): 0.38 | Best fitness in generation (Train): 0.43 | Mean fitness (Train): 0.46 | Mean fitness (Test): 0.43
 | Mean Accuracy (Test): 0.88
Generation 485 | Best fitness (Train): 0.38 | Best fitness in generation (Train): 0.47 | Mean fitness (Train): 0.50 | Mean fitness (Test): 0.42
 | Mean Accuracy (Test): 0.89
Generation 490 | Best fitness (Train): 0.38 | Best fitness in generation (Train): 0.44 | Mean fitness (Train): 0.47 | Mean fitness (Test): 0.47
 | Mean Accuracy (Test): 0.88
Generation 495 | Best fitness (Train): 0.38 | Best fitness in generation (Train): 0.47 | Mean fitness (Train): 0.49 | Mean fitness (Test): 0.39
 | Mean Accuracy (Test): 0.89
Generation 500 | Best fitness (Train): 0.38 | Best fitness in generation (Train): 0.41 | Mean fitness (Train): 0.44 | Mean fitness (Test): 0.45
 | Mean Accuracy (Test): 0.88
Generation 505 | Best fitness (Train): 0.38 | Best fitness in generation (Train): 0.44 | Mean fitness (Train): 0.47 | Mean fitness (Test): 0.45
 | Mean Accuracy (Test): 0.88
Generation 510 | Best fitness (Train): 0.38 | Best fitness in generation (Train): 0.45 | Mean fitness (Train): 0.48 | Mean fitness (Test): 0.45
 | Mean Accuracy (Test): 0.88
Generation 515 | Best fitness (Train): 0.38 | Best fitness in generation (Train): 0.55 | Mean fitness (Train): 0.58 | Mean fitness (Test): 0.45
 | Mean Accuracy (Test): 0.87
Generation 520 | Best fitness (Train): 0.38 | Best fitness in generation (Train): 0.43 | Mean fitness (Train): 0.45 | Mean fitness (Test): 0.42
 | Mean Accuracy (Test): 0.89
Generation 525 | Best fitness (Train): 0.38 | Best fitness in generation (Train): 0.46 | Mean fitness (Train): 0.48 | Mean fitness (Test): 0.37
 | Mean Accuracy (Test): 0.89
Generation 530 | Best fitness (Train): 0.38 | Best fitness in generation (Train): 0.45 | Mean fitness (Train): 0.47 | Mean fitness (Test): 0.45
 | Mean Accuracy (Test): 0.88
Generation 535 | Best fitness (Train): 0.38 | Best fitness in generation (Train): 0.38 | Mean fitness (Train): 0.40 | Mean fitness (Test): 0.37
 | Mean Accuracy (Test): 0.90
Generation 540 | Best fitness (Train): 0.38 | Best fitness in generation (Train): 0.53 | Mean fitness (Train): 0.56 | Mean fitness (Test): 0.36
 | Mean Accuracy (Test): 0.89
Generation 545 | Best fitness (Train): 0.33 | Best fitness in generation (Train): 0.33 | Mean fitness (Train): 0.35 | Mean fitness (Test): 0.48
 | Mean Accuracy (Test): 0.89
Generation 550 | Best fitness (Train): 0.33 | Best fitness in generation (Train): 0.46 | Mean fitness (Train): 0.48 | Mean fitness (Test): 0.39
 | Mean Accuracy (Test): 0.89
Generation 555 | Best fitness (Train): 0.33 | Best fitness in generation (Train): 0.44 | Mean fitness (Train): 0.47 | Mean fitness (Test): 0.38
 | Mean Accuracy (Test): 0.89
Generation 560 | Best fitness (Train): 0.33 | Best fitness in generation (Train): 0.43 | Mean fitness (Train): 0.44 | Mean fitness (Test): 0.39
 | Mean Accuracy (Test): 0.90
Generation 565 | Best fitness (Train): 0.33 | Best fitness in generation (Train): 0.43 | Mean fitness (Train): 0.46 | Mean fitness (Test): 0.43
 | Mean Accuracy (Test): 0.88
Generation 570 | Best fitness (Train): 0.33 | Best fitness in generation (Train): 0.42 | Mean fitness (Train): 0.43 | Mean fitness (Test): 0.44
 | Mean Accuracy (Test): 0.88
Generation 575 | Best fitness (Train): 0.33 | Best fitness in generation (Train): 0.37 | Mean fitness (Train): 0.39 | Mean fitness (Test): 0.42
 | Mean Accuracy (Test): 0.89
Generation 580 | Best fitness (Train): 0.31 | Best fitness in generation (Train): 0.43 | Mean fitness (Train): 0.45 | Mean fitness (Test): 0.40
 | Mean Accuracy (Test): 0.88
Generation 585 | Best fitness (Train): 0.31 | Best fitness in generation (Train): 0.34 | Mean fitness (Train): 0.35 | Mean fitness (Test): 0.36
 | Mean Accuracy (Test): 0.90
Generation 590 | Best fitness (Train): 0.31 | Best fitness in generation (Train): 0.35 | Mean fitness (Train): 0.37 | Mean fitness (Test): 0.44
 | Mean Accuracy (Test): 0.88
Generation 595 | Best fitness (Train): 0.31 | Best fitness in generation (Train): 0.31 | Mean fitness (Train): 0.33 | Mean fitness (Test): 0.42
 | Mean Accuracy (Test): 0.88
Generation 600 | Best fitness (Train): 0.31 | Best fitness in generation (Train): 0.42 | Mean fitness (Train): 0.43 | Mean fitness (Test): 0.39
 | Mean Accuracy (Test): 0.89
Generation 605 | Best fitness (Train): 0.31 | Best fitness in generation (Train): 0.36 | Mean fitness (Train): 0.38 | Mean fitness (Test): 0.30
 | Mean Accuracy (Test): 0.91
Generation 610 | Best fitness (Train): 0.31 | Best fitness in generation (Train): 0.35 | Mean fitness (Train): 0.36 | Mean fitness (Test): 0.43
 | Mean Accuracy (Test): 0.87
Generation 615 | Best fitness (Train): 0.31 | Best fitness in generation (Train): 0.45 | Mean fitness (Train): 0.47 | Mean fitness (Test): 0.37
 | Mean Accuracy (Test): 0.91
Generation 620 | Best fitness (Train): 0.31 | Best fitness in generation (Train): 0.44 | Mean fitness (Train): 0.46 | Mean fitness (Test): 0.30
 | Mean Accuracy (Test): 0.91
Generation 625 | Best fitness (Train): 0.31 | Best fitness in generation (Train): 0.38 | Mean fitness (Train): 0.40 | Mean fitness (Test): 0.37
 | Mean Accuracy (Test): 0.90
Generation 630 | Best fitness (Train): 0.31 | Best fitness in generation (Train): 0.35 | Mean fitness (Train): 0.37 | Mean fitness (Test): 0.45
 | Mean Accuracy (Test): 0.88
Generation 635 | Best fitness (Train): 0.31 | Best fitness in generation (Train): 0.37 | Mean fitness (Train): 0.38 | Mean fitness (Test): 0.38
 | Mean Accuracy (Test): 0.90
Generation 640 | Best fitness (Train): 0.31 | Best fitness in generation (Train): 0.34 | Mean fitness (Train): 0.35 | Mean fitness (Test): 0.31
 | Mean Accuracy (Test): 0.90
[2025-11-10T07:54:46.887] error: Detected 1 oom_kill event in StepId=8060819.0. Some of the step tasks have been OOM Killed.
srun: error: cs-3090-01: task 0: Out Of Memory
