Wed 22 Oct 2025 06:21:33 IDT

SLURM_JOBID:		 7713841
SLURM_JOB_NODELIST:	 ise-pheno-11 

configuration parmas running: problem_type=vision es_algorithms=Sep_CMA_ES
Successfully loaded: MNIST
Loading Problems ..:   0%|                                                   | 0/4 [00:00<?, ?it/s]
running the experiment ... [../../results/TorchVisionProblem/MNIST/Sep_CMA_ES/0]
Generation 016 | Mean fitness (Test): 88.24 | Mean Accuracy (Test): 0.13
Generation 032 | Mean fitness (Test): 68.82 | Mean Accuracy (Test): 0.23
Generation 048 | Mean fitness (Test): 61.33 | Mean Accuracy (Test): 0.24
Generation 064 | Mean fitness (Test): 53.54 | Mean Accuracy (Test): 0.14
Generation 080 | Mean fitness (Test): 45.83 | Mean Accuracy (Test): 0.21
Generation 096 | Mean fitness (Test): 19.51 | Mean Accuracy (Test): 0.11
Generation 112 | Mean fitness (Test): 8.92 | Mean Accuracy (Test): 0.09
Generation 128 | Mean fitness (Test): 4.78 | Mean Accuracy (Test): 0.09
Generation 144 | Mean fitness (Test): 4.02 | Mean Accuracy (Test): 0.08
Generation 160 | Mean fitness (Test): 3.67 | Mean Accuracy (Test): 0.12
Generation 176 | Mean fitness (Test): 3.47 | Mean Accuracy (Test): 0.16
Generation 192 | Mean fitness (Test): 3.10 | Mean Accuracy (Test): 0.09
Generation 208 | Mean fitness (Test): 2.78 | Mean Accuracy (Test): 0.08
Generation 224 | Mean fitness (Test): 2.37 | Mean Accuracy (Test): 0.10
Generation 240 | Mean fitness (Test): 2.31 | Mean Accuracy (Test): 0.17
Generation 256 | Mean fitness (Test): 2.32 | Mean Accuracy (Test): 0.08
Generation 272 | Mean fitness (Test): 2.32 | Mean Accuracy (Test): 0.09
Generation 288 | Mean fitness (Test): 2.33 | Mean Accuracy (Test): 0.08
Generation 304 | Mean fitness (Test): 2.32 | Mean Accuracy (Test): 0.11
Generation 320 | Mean fitness (Test): 2.34 | Mean Accuracy (Test): 0.08
Generation 336 | Mean fitness (Test): 2.29 | Mean Accuracy (Test): 0.09
Generation 352 | Mean fitness (Test): 2.33 | Mean Accuracy (Test): 0.09
Generation 368 | Mean fitness (Test): 2.32 | Mean Accuracy (Test): 0.09
Generation 384 | Mean fitness (Test): 2.29 | Mean Accuracy (Test): 0.09
Generation 400 | Mean fitness (Test): 2.31 | Mean Accuracy (Test): 0.12
Generation 416 | Mean fitness (Test): 2.34 | Mean Accuracy (Test): 0.10
Generation 432 | Mean fitness (Test): 2.35 | Mean Accuracy (Test): 0.08
Generation 448 | Mean fitness (Test): 2.33 | Mean Accuracy (Test): 0.11
Generation 464 | Mean fitness (Test): 2.31 | Mean Accuracy (Test): 0.12
Generation 480 | Mean fitness (Test): 2.33 | Mean Accuracy (Test): 0.11
Generation 496 | Mean fitness (Test): 2.33 | Mean Accuracy (Test): 0.08
Generation 512 | Mean fitness (Test): 2.32 | Mean Accuracy (Test): 0.13
Generation 528 | Mean fitness (Test): 2.31 | Mean Accuracy (Test): 0.12
Generation 544 | Mean fitness (Test): 2.33 | Mean Accuracy (Test): 0.10
Generation 560 | Mean fitness (Test): 2.32 | Mean Accuracy (Test): 0.09
Generation 576 | Mean fitness (Test): 2.33 | Mean Accuracy (Test): 0.16
Generation 592 | Mean fitness (Test): 2.34 | Mean Accuracy (Test): 0.11
Generation 608 | Mean fitness (Test): 2.33 | Mean Accuracy (Test): 0.13
Generation 624 | Mean fitness (Test): 2.33 | Mean Accuracy (Test): 0.09
Generation 640 | Mean fitness (Test): 2.30 | Mean Accuracy (Test): 0.14
Generation 656 | Mean fitness (Test): 2.32 | Mean Accuracy (Test): 0.09
Generation 672 | Mean fitness (Test): 2.37 | Mean Accuracy (Test): 0.05
Generation 688 | Mean fitness (Test): 2.27 | Mean Accuracy (Test): 0.10
Generation 704 | Mean fitness (Test): 2.28 | Mean Accuracy (Test): 0.14
Generation 720 | Mean fitness (Test): 2.35 | Mean Accuracy (Test): 0.08
Generation 736 | Mean fitness (Test): 2.30 | Mean Accuracy (Test): 0.13
Generation 752 | Mean fitness (Test): 2.34 | Mean Accuracy (Test): 0.09
Generation 768 | Mean fitness (Test): 2.30 | Mean Accuracy (Test): 0.17
Generation 784 | Mean fitness (Test): 2.32 | Mean Accuracy (Test): 0.10
Generation 800 | Mean fitness (Test): 2.32 | Mean Accuracy (Test): 0.08
Generation 816 | Mean fitness (Test): 2.32 | Mean Accuracy (Test): 0.10
Generation 832 | Mean fitness (Test): 2.31 | Mean Accuracy (Test): 0.12
Generation 848 | Mean fitness (Test): 2.31 | Mean Accuracy (Test): 0.09
Generation 864 | Mean fitness (Test): 2.31 | Mean Accuracy (Test): 0.12
Generation 880 | Mean fitness (Test): 2.32 | Mean Accuracy (Test): 0.09
Generation 896 | Mean fitness (Test): 2.31 | Mean Accuracy (Test): 0.10
Generation 912 | Mean fitness (Test): 2.32 | Mean Accuracy (Test): 0.07
Generation 928 | Mean fitness (Test): 2.31 | Mean Accuracy (Test): 0.12
Generation 944 | Mean fitness (Test): 2.33 | Mean Accuracy (Test): 0.10
Generation 960 | Mean fitness (Test): 2.31 | Mean Accuracy (Test): 0.15
Generation 976 | Mean fitness (Test): 2.28 | Mean Accuracy (Test): 0.15
Generation 992 | Mean fitness (Test): 2.30 | Mean Accuracy (Test): 0.05
running the experiment ... [../../results/TorchVisionProblem/MNIST/Sep_CMA_ES/1]
Generation 016 | Mean fitness (Test): 76.03 | Mean Accuracy (Test): 0.15
Generation 032 | Mean fitness (Test): 64.68 | Mean Accuracy (Test): 0.39
Generation 048 | Mean fitness (Test): 57.43 | Mean Accuracy (Test): 0.27
Generation 064 | Mean fitness (Test): 65.37 | Mean Accuracy (Test): 0.26
Generation 080 | Mean fitness (Test): 36.40 | Mean Accuracy (Test): 0.20
Generation 096 | Mean fitness (Test): 13.71 | Mean Accuracy (Test): 0.09
Generation 112 | Mean fitness (Test): 5.77 | Mean Accuracy (Test): 0.12
Generation 128 | Mean fitness (Test): 5.79 | Mean Accuracy (Test): 0.09
Generation 144 | Mean fitness (Test): 3.89 | Mean Accuracy (Test): 0.15
Generation 160 | Mean fitness (Test): 3.54 | Mean Accuracy (Test): 0.08
Generation 176 | Mean fitness (Test): 3.95 | Mean Accuracy (Test): 0.09
Generation 192 | Mean fitness (Test): 3.14 | Mean Accuracy (Test): 0.09
Generation 208 | Mean fitness (Test): 2.58 | Mean Accuracy (Test): 0.11
Generation 224 | Mean fitness (Test): 2.31 | Mean Accuracy (Test): 0.10
Generation 240 | Mean fitness (Test): 2.31 | Mean Accuracy (Test): 0.14
Generation 256 | Mean fitness (Test): 2.31 | Mean Accuracy (Test): 0.12
Generation 272 | Mean fitness (Test): 2.31 | Mean Accuracy (Test): 0.12
Generation 288 | Mean fitness (Test): 2.34 | Mean Accuracy (Test): 0.05
Generation 304 | Mean fitness (Test): 2.31 | Mean Accuracy (Test): 0.12
Generation 320 | Mean fitness (Test): 2.33 | Mean Accuracy (Test): 0.07
Generation 336 | Mean fitness (Test): 2.30 | Mean Accuracy (Test): 0.09
Generation 352 | Mean fitness (Test): 2.31 | Mean Accuracy (Test): 0.10
Generation 368 | Mean fitness (Test): 2.38 | Mean Accuracy (Test): 0.11
Generation 384 | Mean fitness (Test): 2.31 | Mean Accuracy (Test): 0.11
Generation 400 | Mean fitness (Test): 2.30 | Mean Accuracy (Test): 0.18
Generation 416 | Mean fitness (Test): 2.29 | Mean Accuracy (Test): 0.09
Generation 432 | Mean fitness (Test): 2.33 | Mean Accuracy (Test): 0.09
Generation 448 | Mean fitness (Test): 2.31 | Mean Accuracy (Test): 0.06
Generation 464 | Mean fitness (Test): 2.32 | Mean Accuracy (Test): 0.08
Generation 480 | Mean fitness (Test): 2.33 | Mean Accuracy (Test): 0.10
Generation 496 | Mean fitness (Test): 2.31 | Mean Accuracy (Test): 0.09
Generation 512 | Mean fitness (Test): 2.32 | Mean Accuracy (Test): 0.10
Generation 528 | Mean fitness (Test): 2.31 | Mean Accuracy (Test): 0.13
Generation 544 | Mean fitness (Test): 2.29 | Mean Accuracy (Test): 0.12
Generation 560 | Mean fitness (Test): 2.31 | Mean Accuracy (Test): 0.10
Generation 576 | Mean fitness (Test): 2.31 | Mean Accuracy (Test): 0.08
Generation 592 | Mean fitness (Test): 2.30 | Mean Accuracy (Test): 0.10
Generation 608 | Mean fitness (Test): 2.32 | Mean Accuracy (Test): 0.12
Generation 624 | Mean fitness (Test): 2.36 | Mean Accuracy (Test): 0.09
Generation 640 | Mean fitness (Test): 2.29 | Mean Accuracy (Test): 0.09
Generation 656 | Mean fitness (Test): 2.32 | Mean Accuracy (Test): 0.05
Generation 672 | Mean fitness (Test): 2.31 | Mean Accuracy (Test): 0.13
Generation 688 | Mean fitness (Test): 2.32 | Mean Accuracy (Test): 0.09
Generation 704 | Mean fitness (Test): 2.30 | Mean Accuracy (Test): 0.09
Generation 720 | Mean fitness (Test): 2.35 | Mean Accuracy (Test): 0.07
Generation 736 | Mean fitness (Test): 2.32 | Mean Accuracy (Test): 0.09
Generation 752 | Mean fitness (Test): 2.33 | Mean Accuracy (Test): 0.11
Generation 768 | Mean fitness (Test): 2.33 | Mean Accuracy (Test): 0.09
Generation 784 | Mean fitness (Test): 2.30 | Mean Accuracy (Test): 0.09
Generation 800 | Mean fitness (Test): 2.35 | Mean Accuracy (Test): 0.09
Generation 816 | Mean fitness (Test): 2.30 | Mean Accuracy (Test): 0.09
Generation 832 | Mean fitness (Test): 2.26 | Mean Accuracy (Test): 0.11
Generation 848 | Mean fitness (Test): 2.29 | Mean Accuracy (Test): 0.09
Generation 864 | Mean fitness (Test): 2.31 | Mean Accuracy (Test): 0.11
Generation 880 | Mean fitness (Test): 2.33 | Mean Accuracy (Test): 0.08
Generation 896 | Mean fitness (Test): 2.34 | Mean Accuracy (Test): 0.09
Generation 912 | Mean fitness (Test): 2.34 | Mean Accuracy (Test): 0.08
Generation 928 | Mean fitness (Test): 2.33 | Mean Accuracy (Test): 0.10
Generation 944 | Mean fitness (Test): 2.31 | Mean Accuracy (Test): 0.09
Generation 960 | Mean fitness (Test): 2.30 | Mean Accuracy (Test): 0.14
Generation 976 | Mean fitness (Test): 2.33 | Mean Accuracy (Test): 0.08
Generation 992 | Mean fitness (Test): 2.35 | Mean Accuracy (Test): 0.10
running the experiment ... [../../results/TorchVisionProblem/MNIST/Sep_CMA_ES/2]
Generation 016 | Mean fitness (Test): 64.97 | Mean Accuracy (Test): 0.21
Generation 032 | Mean fitness (Test): 66.06 | Mean Accuracy (Test): 0.27
Generation 048 | Mean fitness (Test): 67.30 | Mean Accuracy (Test): 0.19
Generation 064 | Mean fitness (Test): 42.01 | Mean Accuracy (Test): 0.17
Running ES algorithms:   0%|                                                 | 0/1 [00:00<?, ?it/s][Aslurmstepd: error: Detected 1 oom_kill event in StepId=7713841.0. Some of the step tasks have been OOM Killed.
srun: error: ise-pheno-11: task 0: Out Of Memory
