Wed 22 Oct 2025 06:01:59 IDT

SLURM_JOBID:		 7713838
SLURM_JOB_NODELIST:	 cs-pheno-13 

configuration parmas running: problem_type=vision es_algorithms=PGPE
Successfully loaded: MNIST
Loading Problems ..:   0%|                                                   | 0/4 [00:00<?, ?it/s]
there is experiment results. [../../results/TorchVisionProblem/MNIST/PGPE/0]
there is experiment results. [../../results/TorchVisionProblem/MNIST/PGPE/1]
running the experiment ... [../../results/TorchVisionProblem/MNIST/PGPE/2]
Generation 016 | Mean fitness (Test): 8.59 | Mean Accuracy (Test): 0.07
Generation 032 | Mean fitness (Test): 17.07 | Mean Accuracy (Test): 0.04
Generation 048 | Mean fitness (Test): 22.29 | Mean Accuracy (Test): 0.06
Generation 064 | Mean fitness (Test): 21.24 | Mean Accuracy (Test): 0.02
Generation 080 | Mean fitness (Test): 22.57 | Mean Accuracy (Test): 0.00
Generation 096 | Mean fitness (Test): 22.42 | Mean Accuracy (Test): 0.06
Generation 112 | Mean fitness (Test): 15.13 | Mean Accuracy (Test): 0.04
Generation 128 | Mean fitness (Test): 17.33 | Mean Accuracy (Test): 0.05
Generation 144 | Mean fitness (Test): 13.56 | Mean Accuracy (Test): 0.05
Generation 160 | Mean fitness (Test): 9.93 | Mean Accuracy (Test): 0.05
Generation 176 | Mean fitness (Test): 6.24 | Mean Accuracy (Test): 0.11
Generation 192 | Mean fitness (Test): 5.04 | Mean Accuracy (Test): 0.12
Generation 208 | Mean fitness (Test): 4.56 | Mean Accuracy (Test): 0.06
Generation 224 | Mean fitness (Test): 3.69 | Mean Accuracy (Test): 0.16
Generation 240 | Mean fitness (Test): 2.86 | Mean Accuracy (Test): 0.16
Generation 256 | Mean fitness (Test): 2.80 | Mean Accuracy (Test): 0.18
Generation 272 | Mean fitness (Test): 2.41 | Mean Accuracy (Test): 0.16
Generation 288 | Mean fitness (Test): 2.40 | Mean Accuracy (Test): 0.15
Generation 304 | Mean fitness (Test): 2.45 | Mean Accuracy (Test): 0.06
Generation 320 | Mean fitness (Test): 2.42 | Mean Accuracy (Test): 0.09
Generation 336 | Mean fitness (Test): 2.41 | Mean Accuracy (Test): 0.06
Generation 352 | Mean fitness (Test): 2.35 | Mean Accuracy (Test): 0.11
Generation 368 | Mean fitness (Test): 2.47 | Mean Accuracy (Test): 0.07
Generation 384 | Mean fitness (Test): 2.38 | Mean Accuracy (Test): 0.06
Generation 400 | Mean fitness (Test): 2.42 | Mean Accuracy (Test): 0.10
Generation 416 | Mean fitness (Test): 2.44 | Mean Accuracy (Test): 0.08
Generation 432 | Mean fitness (Test): 2.40 | Mean Accuracy (Test): 0.08
Generation 448 | Mean fitness (Test): 2.39 | Mean Accuracy (Test): 0.11
Generation 464 | Mean fitness (Test): 2.54 | Mean Accuracy (Test): 0.05
Generation 480 | Mean fitness (Test): 2.44 | Mean Accuracy (Test): 0.16
Generation 496 | Mean fitness (Test): 2.52 | Mean Accuracy (Test): 0.05
Generation 512 | Mean fitness (Test): 2.44 | Mean Accuracy (Test): 0.16
Generation 528 | Mean fitness (Test): 2.46 | Mean Accuracy (Test): 0.09
Generation 544 | Mean fitness (Test): 2.44 | Mean Accuracy (Test): 0.09
Generation 560 | Mean fitness (Test): 2.50 | Mean Accuracy (Test): 0.10
Generation 576 | Mean fitness (Test): 2.49 | Mean Accuracy (Test): 0.09
Generation 592 | Mean fitness (Test): 2.41 | Mean Accuracy (Test): 0.15
Generation 608 | Mean fitness (Test): 2.36 | Mean Accuracy (Test): 0.18
Generation 624 | Mean fitness (Test): 2.61 | Mean Accuracy (Test): 0.13
Generation 640 | Mean fitness (Test): 2.61 | Mean Accuracy (Test): 0.05
Generation 656 | Mean fitness (Test): 2.44 | Mean Accuracy (Test): 0.06
Generation 672 | Mean fitness (Test): 2.56 | Mean Accuracy (Test): 0.10
Generation 688 | Mean fitness (Test): 2.52 | Mean Accuracy (Test): 0.13
Generation 704 | Mean fitness (Test): 2.50 | Mean Accuracy (Test): 0.08
Generation 720 | Mean fitness (Test): 2.43 | Mean Accuracy (Test): 0.17
Generation 736 | Mean fitness (Test): 2.53 | Mean Accuracy (Test): 0.10
Generation 752 | Mean fitness (Test): 2.57 | Mean Accuracy (Test): 0.09
Generation 768 | Mean fitness (Test): 2.40 | Mean Accuracy (Test): 0.12
Generation 784 | Mean fitness (Test): 2.48 | Mean Accuracy (Test): 0.08
Generation 800 | Mean fitness (Test): 2.49 | Mean Accuracy (Test): 0.12
Generation 816 | Mean fitness (Test): 2.37 | Mean Accuracy (Test): 0.12
Generation 832 | Mean fitness (Test): 2.40 | Mean Accuracy (Test): 0.11
Generation 848 | Mean fitness (Test): 2.40 | Mean Accuracy (Test): 0.14
Generation 864 | Mean fitness (Test): 2.36 | Mean Accuracy (Test): 0.08
Generation 880 | Mean fitness (Test): 2.36 | Mean Accuracy (Test): 0.12
Generation 896 | Mean fitness (Test): 2.30 | Mean Accuracy (Test): 0.12
Generation 912 | Mean fitness (Test): 2.28 | Mean Accuracy (Test): 0.17
Generation 928 | Mean fitness (Test): 2.31 | Mean Accuracy (Test): 0.12
Generation 944 | Mean fitness (Test): 2.29 | Mean Accuracy (Test): 0.14
Generation 960 | Mean fitness (Test): 2.31 | Mean Accuracy (Test): 0.09
Generation 976 | Mean fitness (Test): 2.31 | Mean Accuracy (Test): 0.08
Generation 992 | Mean fitness (Test): 2.29 | Mean Accuracy (Test): 0.16
running the experiment ... [../../results/TorchVisionProblem/MNIST/PGPE/3]
Generation 016 | Mean fitness (Test): 7.21 | Mean Accuracy (Test): 0.04
Generation 032 | Mean fitness (Test): 12.46 | Mean Accuracy (Test): 0.03
Generation 048 | Mean fitness (Test): 19.23 | Mean Accuracy (Test): 0.03
Generation 064 | Mean fitness (Test): 16.68 | Mean Accuracy (Test): 0.02
Generation 080 | Mean fitness (Test): 16.19 | Mean Accuracy (Test): 0.06
Generation 096 | Mean fitness (Test): 17.80 | Mean Accuracy (Test): 0.02
Generation 112 | Mean fitness (Test): 20.64 | Mean Accuracy (Test): 0.02
Generation 128 | Mean fitness (Test): 21.83 | Mean Accuracy (Test): 0.09
Generation 144 | Mean fitness (Test): 16.29 | Mean Accuracy (Test): 0.16
Generation 160 | Mean fitness (Test): 11.00 | Mean Accuracy (Test): 0.11
Generation 176 | Mean fitness (Test): 6.04 | Mean Accuracy (Test): 0.12
Generation 192 | Mean fitness (Test): 4.74 | Mean Accuracy (Test): 0.05
Generation 208 | Mean fitness (Test): 3.52 | Mean Accuracy (Test): 0.09
Generation 224 | Mean fitness (Test): 2.96 | Mean Accuracy (Test): 0.09
Generation 240 | Mean fitness (Test): 2.70 | Mean Accuracy (Test): 0.06
Generation 256 | Mean fitness (Test): 2.31 | Mean Accuracy (Test): 0.06
Generation 272 | Mean fitness (Test): 2.32 | Mean Accuracy (Test): 0.13
Generation 288 | Mean fitness (Test): 2.32 | Mean Accuracy (Test): 0.09
Generation 304 | Mean fitness (Test): 2.34 | Mean Accuracy (Test): 0.10
Generation 320 | Mean fitness (Test): 2.30 | Mean Accuracy (Test): 0.11
Generation 336 | Mean fitness (Test): 2.34 | Mean Accuracy (Test): 0.06
Generation 352 | Mean fitness (Test): 2.33 | Mean Accuracy (Test): 0.07
Generation 368 | Mean fitness (Test): 2.31 | Mean Accuracy (Test): 0.07
Generation 384 | Mean fitness (Test): 2.33 | Mean Accuracy (Test): 0.12
Generation 400 | Mean fitness (Test): 2.36 | Mean Accuracy (Test): 0.07
Generation 416 | Mean fitness (Test): 2.29 | Mean Accuracy (Test): 0.12
Generation 432 | Mean fitness (Test): 2.35 | Mean Accuracy (Test): 0.11
Generation 448 | Mean fitness (Test): 2.31 | Mean Accuracy (Test): 0.09
Generation 464 | Mean fitness (Test): 2.34 | Mean Accuracy (Test): 0.08
Generation 480 | Mean fitness (Test): 2.35 | Mean Accuracy (Test): 0.11
Generation 496 | Mean fitness (Test): 2.29 | Mean Accuracy (Test): 0.12
Generation 512 | Mean fitness (Test): 2.34 | Mean Accuracy (Test): 0.09
Generation 528 | Mean fitness (Test): 2.33 | Mean Accuracy (Test): 0.12
Generation 544 | Mean fitness (Test): 2.33 | Mean Accuracy (Test): 0.08
Generation 560 | Mean fitness (Test): 2.37 | Mean Accuracy (Test): 0.11
Generation 576 | Mean fitness (Test): 2.36 | Mean Accuracy (Test): 0.07
Generation 592 | Mean fitness (Test): 2.37 | Mean Accuracy (Test): 0.05
Generation 608 | Mean fitness (Test): 2.40 | Mean Accuracy (Test): 0.07
Generation 624 | Mean fitness (Test): 2.36 | Mean Accuracy (Test): 0.12
Generation 640 | Mean fitness (Test): 2.32 | Mean Accuracy (Test): 0.15
Generation 656 | Mean fitness (Test): 2.37 | Mean Accuracy (Test): 0.10
Generation 672 | Mean fitness (Test): 2.34 | Mean Accuracy (Test): 0.12
Generation 688 | Mean fitness (Test): 2.32 | Mean Accuracy (Test): 0.15
Generation 704 | Mean fitness (Test): 2.39 | Mean Accuracy (Test): 0.07
Generation 720 | Mean fitness (Test): 2.37 | Mean Accuracy (Test): 0.09
Generation 736 | Mean fitness (Test): 2.32 | Mean Accuracy (Test): 0.14
Generation 752 | Mean fitness (Test): 2.38 | Mean Accuracy (Test): 0.09
Generation 768 | Mean fitness (Test): 2.36 | Mean Accuracy (Test): 0.06
Generation 784 | Mean fitness (Test): 2.34 | Mean Accuracy (Test): 0.12
Generation 800 | Mean fitness (Test): 2.35 | Mean Accuracy (Test): 0.12
Generation 816 | Mean fitness (Test): 2.40 | Mean Accuracy (Test): 0.16
Generation 832 | Mean fitness (Test): 2.33 | Mean Accuracy (Test): 0.12
Generation 848 | Mean fitness (Test): 2.28 | Mean Accuracy (Test): 0.15
Generation 864 | Mean fitness (Test): 2.34 | Mean Accuracy (Test): 0.08
Generation 880 | Mean fitness (Test): 2.32 | Mean Accuracy (Test): 0.12
Generation 896 | Mean fitness (Test): 2.32 | Mean Accuracy (Test): 0.09
Generation 912 | Mean fitness (Test): 2.30 | Mean Accuracy (Test): 0.14
Generation 928 | Mean fitness (Test): 2.31 | Mean Accuracy (Test): 0.09
Generation 944 | Mean fitness (Test): 2.30 | Mean Accuracy (Test): 0.11
Generation 960 | Mean fitness (Test): 2.31 | Mean Accuracy (Test): 0.12
Generation 976 | Mean fitness (Test): 2.30 | Mean Accuracy (Test): 0.11
Generation 992 | Mean fitness (Test): 2.30 | Mean Accuracy (Test): 0.09
running the experiment ... [../../results/TorchVisionProblem/MNIST/PGPE/4]
Generation 016 | Mean fitness (Test): 10.85 | Mean Accuracy (Test): 0.09
Generation 032 | Mean fitness (Test): 14.40 | Mean Accuracy (Test): 0.07
Generation 048 | Mean fitness (Test): 15.68 | Mean Accuracy (Test): 0.07
Generation 064 | Mean fitness (Test): 17.55 | Mean Accuracy (Test): 0.05
Running ES algorithms:   0%|                                                 | 0/1 [00:00<?, ?it/s][Aslurmstepd: error: Detected 1 oom_kill event in StepId=7713838.0. Some of the step tasks have been OOM Killed.
srun: error: cs-pheno-13: task 0: Out Of Memory
