Mon 10 Nov 2025 07:21:57 IST

SLURM_JOBID:		 8060813
SLURM_JOB_NODELIST:	 ise-3090-02 

configuration parmas running: problem_type=vision es_algorithms=SNES
Successfully loaded: MNIST
Loading Problems ..:   0%|                                                                    | 0/4 [00:00<?, ?it/s]
running the experiment ... [../../results/TorchVisionProblem/MNIST/SNES/0]
Running ES algorithms:   0%|                                                                  | 0/1 [00:00<?, ?it/s][A2025-11-10 07:22:22.714841: W external/xla/xla/tsl/framework/bfc_allocator.cc:310] Allocator (GPU_0_bfc) ran out of memory trying to allocate 6.14GiB with freed_by_count=0. The caller indicates that this is not a failure, but this may mean that there could be performance gains if more memory were available.
2025-11-10 07:22:22.714894: W external/xla/xla/tsl/framework/bfc_allocator.cc:310] Allocator (GPU_0_bfc) ran out of memory trying to allocate 6.14GiB with freed_by_count=0. The caller indicates that this is not a failure, but this may mean that there could be performance gains if more memory were available.
2025-11-10 07:22:22.714921: W external/xla/xla/tsl/framework/bfc_allocator.cc:310] Allocator (GPU_0_bfc) ran out of memory trying to allocate 6.14GiB with freed_by_count=0. The caller indicates that this is not a failure, but this may mean that there could be performance gains if more memory were available.
2025-11-10 07:22:22.714945: W external/xla/xla/tsl/framework/bfc_allocator.cc:310] Allocator (GPU_0_bfc) ran out of memory trying to allocate 6.15GiB with freed_by_count=0. The caller indicates that this is not a failure, but this may mean that there could be performance gains if more memory were available.
2025-11-10 07:22:22.843502: W external/xla/xla/tsl/framework/bfc_allocator.cc:310] Allocator (GPU_0_bfc) ran out of memory trying to allocate 6.15GiB with freed_by_count=0. The caller indicates that this is not a failure, but this may mean that there could be performance gains if more memory were available.
2025-11-10 07:22:22.843532: W external/xla/xla/tsl/framework/bfc_allocator.cc:310] Allocator (GPU_0_bfc) ran out of memory trying to allocate 6.15GiB with freed_by_count=0. The caller indicates that this is not a failure, but this may mean that there could be performance gains if more memory were available.
2025-11-10 07:22:22.843556: W external/xla/xla/tsl/framework/bfc_allocator.cc:310] Allocator (GPU_0_bfc) ran out of memory trying to allocate 6.15GiB with freed_by_count=0. The caller indicates that this is not a failure, but this may mean that there could be performance gains if more memory were available.
2025-11-10 07:22:22.843582: W external/xla/xla/tsl/framework/bfc_allocator.cc:310] Allocator (GPU_0_bfc) ran out of memory trying to allocate 6.15GiB with freed_by_count=0. The caller indicates that this is not a failure, but this may mean that there could be performance gains if more memory were available.
2025-11-10 07:22:22.843607: W external/xla/xla/tsl/framework/bfc_allocator.cc:310] Allocator (GPU_0_bfc) ran out of memory trying to allocate 6.15GiB with freed_by_count=0. The caller indicates that this is not a failure, but this may mean that there could be performance gains if more memory were available.
2025-11-10 07:22:22.843637: W external/xla/xla/tsl/framework/bfc_allocator.cc:310] Allocator (GPU_0_bfc) ran out of memory trying to allocate 6.15GiB with freed_by_count=0. The caller indicates that this is not a failure, but this may mean that there could be performance gains if more memory were available.
Generation 005 | Best fitness (Train): 6.40 | Best fitness in generation (Train): 6.40 | Mean fitness (Train): 10.53 | Mean fitness (Test): 2.09
 | Mean Accuracy (Test): 0.34
Generation 010 | Best fitness (Train): 6.17 | Best fitness in generation (Train): 6.17 | Mean fitness (Train): 9.03 | Mean fitness (Test): 2.19
 | Mean Accuracy (Test): 0.39
Generation 015 | Best fitness (Train): 5.10 | Best fitness in generation (Train): 5.60 | Mean fitness (Train): 7.88 | Mean fitness (Test): 2.20
 | Mean Accuracy (Test): 0.39
Generation 020 | Best fitness (Train): 5.01 | Best fitness in generation (Train): 5.14 | Mean fitness (Train): 7.23 | Mean fitness (Test): 1.77
 | Mean Accuracy (Test): 0.48
Generation 025 | Best fitness (Train): 4.03 | Best fitness in generation (Train): 4.03 | Mean fitness (Train): 6.39 | Mean fitness (Test): 1.62
 | Mean Accuracy (Test): 0.52
Generation 030 | Best fitness (Train): 4.03 | Best fitness in generation (Train): 4.13 | Mean fitness (Train): 5.74 | Mean fitness (Test): 1.55
 | Mean Accuracy (Test): 0.55
Generation 035 | Best fitness (Train): 3.30 | Best fitness in generation (Train): 3.30 | Mean fitness (Train): 5.39 | Mean fitness (Test): 1.42
 | Mean Accuracy (Test): 0.58
Generation 040 | Best fitness (Train): 3.30 | Best fitness in generation (Train): 3.51 | Mean fitness (Train): 5.06 | Mean fitness (Test): 1.30
 | Mean Accuracy (Test): 0.63
Generation 045 | Best fitness (Train): 3.30 | Best fitness in generation (Train): 3.31 | Mean fitness (Train): 4.84 | Mean fitness (Test): 1.36
 | Mean Accuracy (Test): 0.63
Generation 050 | Best fitness (Train): 3.01 | Best fitness in generation (Train): 3.01 | Mean fitness (Train): 4.63 | Mean fitness (Test): 1.26
 | Mean Accuracy (Test): 0.66
Generation 055 | Best fitness (Train): 2.73 | Best fitness in generation (Train): 2.73 | Mean fitness (Train): 4.49 | Mean fitness (Test): 1.32
 | Mean Accuracy (Test): 0.65
Generation 060 | Best fitness (Train): 2.69 | Best fitness in generation (Train): 2.69 | Mean fitness (Train): 4.14 | Mean fitness (Test): 1.30
 | Mean Accuracy (Test): 0.68
Generation 065 | Best fitness (Train): 2.46 | Best fitness in generation (Train): 2.84 | Mean fitness (Train): 4.04 | Mean fitness (Test): 1.22
 | Mean Accuracy (Test): 0.68
Generation 070 | Best fitness (Train): 2.46 | Best fitness in generation (Train): 2.55 | Mean fitness (Train): 3.90 | Mean fitness (Test): 1.12
 | Mean Accuracy (Test): 0.71
Generation 075 | Best fitness (Train): 2.23 | Best fitness in generation (Train): 2.23 | Mean fitness (Train): 3.70 | Mean fitness (Test): 1.07
 | Mean Accuracy (Test): 0.72
Generation 080 | Best fitness (Train): 2.23 | Best fitness in generation (Train): 2.23 | Mean fitness (Train): 3.41 | Mean fitness (Test): 1.02
 | Mean Accuracy (Test): 0.73
Generation 085 | Best fitness (Train): 2.19 | Best fitness in generation (Train): 2.19 | Mean fitness (Train): 3.19 | Mean fitness (Test): 1.10
 | Mean Accuracy (Test): 0.71
Generation 090 | Best fitness (Train): 1.87 | Best fitness in generation (Train): 1.93 | Mean fitness (Train): 2.99 | Mean fitness (Test): 1.03
 | Mean Accuracy (Test): 0.74
Generation 095 | Best fitness (Train): 1.80 | Best fitness in generation (Train): 2.02 | Mean fitness (Train): 2.77 | Mean fitness (Test): 1.04
 | Mean Accuracy (Test): 0.74
Generation 100 | Best fitness (Train): 1.80 | Best fitness in generation (Train): 2.04 | Mean fitness (Train): 2.79 | Mean fitness (Test): 0.98
 | Mean Accuracy (Test): 0.74
Generation 105 | Best fitness (Train): 1.68 | Best fitness in generation (Train): 1.93 | Mean fitness (Train): 2.85 | Mean fitness (Test): 1.00
 | Mean Accuracy (Test): 0.74
Generation 110 | Best fitness (Train): 1.65 | Best fitness in generation (Train): 1.65 | Mean fitness (Train): 2.62 | Mean fitness (Test): 0.92
 | Mean Accuracy (Test): 0.76
Generation 115 | Best fitness (Train): 1.53 | Best fitness in generation (Train): 1.75 | Mean fitness (Train): 2.46 | Mean fitness (Test): 0.92
 | Mean Accuracy (Test): 0.78
Generation 120 | Best fitness (Train): 1.53 | Best fitness in generation (Train): 1.64 | Mean fitness (Train): 2.33 | Mean fitness (Test): 0.87
 | Mean Accuracy (Test): 0.78
Generation 125 | Best fitness (Train): 1.51 | Best fitness in generation (Train): 1.51 | Mean fitness (Train): 2.18 | Mean fitness (Test): 0.84
 | Mean Accuracy (Test): 0.78
Generation 130 | Best fitness (Train): 1.44 | Best fitness in generation (Train): 1.47 | Mean fitness (Train): 2.11 | Mean fitness (Test): 0.76
 | Mean Accuracy (Test): 0.79
Generation 135 | Best fitness (Train): 1.41 | Best fitness in generation (Train): 1.41 | Mean fitness (Train): 2.02 | Mean fitness (Test): 0.73
 | Mean Accuracy (Test): 0.80
Generation 140 | Best fitness (Train): 1.40 | Best fitness in generation (Train): 1.42 | Mean fitness (Train): 2.00 | Mean fitness (Test): 0.80
 | Mean Accuracy (Test): 0.77
Generation 145 | Best fitness (Train): 1.22 | Best fitness in generation (Train): 1.36 | Mean fitness (Train): 1.88 | Mean fitness (Test): 0.82
 | Mean Accuracy (Test): 0.77
Generation 150 | Best fitness (Train): 1.11 | Best fitness in generation (Train): 1.28 | Mean fitness (Train): 1.75 | Mean fitness (Test): 0.70
 | Mean Accuracy (Test): 0.81
Generation 155 | Best fitness (Train): 1.11 | Best fitness in generation (Train): 1.23 | Mean fitness (Train): 1.75 | Mean fitness (Test): 0.72
 | Mean Accuracy (Test): 0.79
Generation 160 | Best fitness (Train): 1.11 | Best fitness in generation (Train): 1.29 | Mean fitness (Train): 1.82 | Mean fitness (Test): 0.71
 | Mean Accuracy (Test): 0.81
Generation 165 | Best fitness (Train): 1.06 | Best fitness in generation (Train): 1.06 | Mean fitness (Train): 1.57 | Mean fitness (Test): 0.75
 | Mean Accuracy (Test): 0.81
Generation 170 | Best fitness (Train): 1.01 | Best fitness in generation (Train): 1.17 | Mean fitness (Train): 1.57 | Mean fitness (Test): 0.65
 | Mean Accuracy (Test): 0.82
Generation 175 | Best fitness (Train): 0.98 | Best fitness in generation (Train): 0.98 | Mean fitness (Train): 1.54 | Mean fitness (Test): 0.70
 | Mean Accuracy (Test): 0.79
Generation 180 | Best fitness (Train): 0.95 | Best fitness in generation (Train): 1.10 | Mean fitness (Train): 1.45 | Mean fitness (Test): 0.68
 | Mean Accuracy (Test): 0.81
Generation 185 | Best fitness (Train): 0.95 | Best fitness in generation (Train): 1.14 | Mean fitness (Train): 1.51 | Mean fitness (Test): 0.61
 | Mean Accuracy (Test): 0.83
Generation 190 | Best fitness (Train): 0.91 | Best fitness in generation (Train): 0.91 | Mean fitness (Train): 1.30 | Mean fitness (Test): 0.71
 | Mean Accuracy (Test): 0.79
Generation 195 | Best fitness (Train): 0.87 | Best fitness in generation (Train): 0.94 | Mean fitness (Train): 1.37 | Mean fitness (Test): 0.65
 | Mean Accuracy (Test): 0.81
Generation 200 | Best fitness (Train): 0.87 | Best fitness in generation (Train): 0.99 | Mean fitness (Train): 1.30 | Mean fitness (Test): 0.60
 | Mean Accuracy (Test): 0.83
Generation 205 | Best fitness (Train): 0.87 | Best fitness in generation (Train): 1.02 | Mean fitness (Train): 1.36 | Mean fitness (Test): 0.58
 | Mean Accuracy (Test): 0.84
Generation 210 | Best fitness (Train): 0.87 | Best fitness in generation (Train): 0.95 | Mean fitness (Train): 1.31 | Mean fitness (Test): 0.60
 | Mean Accuracy (Test): 0.82
Generation 215 | Best fitness (Train): 0.87 | Best fitness in generation (Train): 0.91 | Mean fitness (Train): 1.23 | Mean fitness (Test): 0.61
 | Mean Accuracy (Test): 0.81
Generation 220 | Best fitness (Train): 0.76 | Best fitness in generation (Train): 0.88 | Mean fitness (Train): 1.24 | Mean fitness (Test): 0.54
 | Mean Accuracy (Test): 0.84
Generation 225 | Best fitness (Train): 0.76 | Best fitness in generation (Train): 0.96 | Mean fitness (Train): 1.28 | Mean fitness (Test): 0.53
 | Mean Accuracy (Test): 0.85
Generation 230 | Best fitness (Train): 0.76 | Best fitness in generation (Train): 0.92 | Mean fitness (Train): 1.29 | Mean fitness (Test): 0.57
 | Mean Accuracy (Test): 0.84
Generation 235 | Best fitness (Train): 0.76 | Best fitness in generation (Train): 0.90 | Mean fitness (Train): 1.22 | Mean fitness (Test): 0.51
 | Mean Accuracy (Test): 0.84
Generation 240 | Best fitness (Train): 0.76 | Best fitness in generation (Train): 0.85 | Mean fitness (Train): 1.14 | Mean fitness (Test): 0.56
 | Mean Accuracy (Test): 0.84
Generation 245 | Best fitness (Train): 0.76 | Best fitness in generation (Train): 0.97 | Mean fitness (Train): 1.25 | Mean fitness (Test): 0.51
 | Mean Accuracy (Test): 0.86
Generation 250 | Best fitness (Train): 0.71 | Best fitness in generation (Train): 0.71 | Mean fitness (Train): 1.02 | Mean fitness (Test): 0.52
 | Mean Accuracy (Test): 0.85
Generation 255 | Best fitness (Train): 0.69 | Best fitness in generation (Train): 0.69 | Mean fitness (Train): 0.99 | Mean fitness (Test): 0.49
 | Mean Accuracy (Test): 0.84
Generation 260 | Best fitness (Train): 0.69 | Best fitness in generation (Train): 0.82 | Mean fitness (Train): 1.10 | Mean fitness (Test): 0.50
 | Mean Accuracy (Test): 0.85
Generation 265 | Best fitness (Train): 0.67 | Best fitness in generation (Train): 0.80 | Mean fitness (Train): 1.09 | Mean fitness (Test): 0.56
 | Mean Accuracy (Test): 0.84
Generation 270 | Best fitness (Train): 0.67 | Best fitness in generation (Train): 0.83 | Mean fitness (Train): 1.11 | Mean fitness (Test): 0.54
 | Mean Accuracy (Test): 0.83
