Wed 22 Oct 2025 06:03:09 IDT

SLURM_JOBID:		 7713840
SLURM_JOB_NODELIST:	 ise-pheno-12 

configuration parmas running: problem_type=vision es_algorithms=SNES
Successfully loaded: MNIST
Loading Problems ..:   0%|                                                   | 0/4 [00:00<?, ?it/s]
running the experiment ... [../../results/TorchVisionProblem/MNIST/SNES/0]
Generation 016 | Mean fitness (Test): 71.51 | Mean Accuracy (Test): 0.12
Generation 032 | Mean fitness (Test): 52.82 | Mean Accuracy (Test): 0.17
Generation 048 | Mean fitness (Test): 37.62 | Mean Accuracy (Test): 0.13
Generation 064 | Mean fitness (Test): 19.84 | Mean Accuracy (Test): 0.13
Generation 080 | Mean fitness (Test): 12.15 | Mean Accuracy (Test): 0.17
Generation 096 | Mean fitness (Test): 6.55 | Mean Accuracy (Test): 0.09
Generation 112 | Mean fitness (Test): 3.77 | Mean Accuracy (Test): 0.08
Generation 128 | Mean fitness (Test): 3.11 | Mean Accuracy (Test): 0.12
Generation 144 | Mean fitness (Test): 3.40 | Mean Accuracy (Test): 0.11
Generation 160 | Mean fitness (Test): 3.87 | Mean Accuracy (Test): 0.12
Generation 176 | Mean fitness (Test): 3.65 | Mean Accuracy (Test): 0.11
Generation 192 | Mean fitness (Test): 3.36 | Mean Accuracy (Test): 0.09
Generation 208 | Mean fitness (Test): 2.55 | Mean Accuracy (Test): 0.07
Generation 224 | Mean fitness (Test): 2.32 | Mean Accuracy (Test): 0.10
Generation 240 | Mean fitness (Test): 2.30 | Mean Accuracy (Test): 0.17
Generation 256 | Mean fitness (Test): 2.31 | Mean Accuracy (Test): 0.09
Generation 272 | Mean fitness (Test): 2.32 | Mean Accuracy (Test): 0.13
Generation 288 | Mean fitness (Test): 2.30 | Mean Accuracy (Test): 0.08
Generation 304 | Mean fitness (Test): 2.31 | Mean Accuracy (Test): 0.09
Generation 320 | Mean fitness (Test): 2.33 | Mean Accuracy (Test): 0.10
Generation 336 | Mean fitness (Test): 2.30 | Mean Accuracy (Test): 0.08
Generation 352 | Mean fitness (Test): 2.32 | Mean Accuracy (Test): 0.09
Generation 368 | Mean fitness (Test): 2.31 | Mean Accuracy (Test): 0.12
Generation 384 | Mean fitness (Test): 2.29 | Mean Accuracy (Test): 0.09
Generation 400 | Mean fitness (Test): 2.31 | Mean Accuracy (Test): 0.09
Generation 416 | Mean fitness (Test): 2.29 | Mean Accuracy (Test): 0.10
Generation 432 | Mean fitness (Test): 2.33 | Mean Accuracy (Test): 0.11
Generation 448 | Mean fitness (Test): 2.32 | Mean Accuracy (Test): 0.11
Generation 464 | Mean fitness (Test): 2.31 | Mean Accuracy (Test): 0.12
Generation 480 | Mean fitness (Test): 2.32 | Mean Accuracy (Test): 0.08
Generation 496 | Mean fitness (Test): 2.32 | Mean Accuracy (Test): 0.07
Generation 512 | Mean fitness (Test): 2.32 | Mean Accuracy (Test): 0.13
Generation 528 | Mean fitness (Test): 2.32 | Mean Accuracy (Test): 0.11
Generation 544 | Mean fitness (Test): 2.32 | Mean Accuracy (Test): 0.12
Generation 560 | Mean fitness (Test): 2.32 | Mean Accuracy (Test): 0.09
Generation 576 | Mean fitness (Test): 2.34 | Mean Accuracy (Test): 0.09
Generation 592 | Mean fitness (Test): 2.32 | Mean Accuracy (Test): 0.11
Generation 608 | Mean fitness (Test): 2.33 | Mean Accuracy (Test): 0.05
Generation 624 | Mean fitness (Test): 2.34 | Mean Accuracy (Test): 0.06
Generation 640 | Mean fitness (Test): 2.29 | Mean Accuracy (Test): 0.10
Generation 656 | Mean fitness (Test): 2.31 | Mean Accuracy (Test): 0.09
Generation 672 | Mean fitness (Test): 2.33 | Mean Accuracy (Test): 0.05
Generation 688 | Mean fitness (Test): 2.30 | Mean Accuracy (Test): 0.10
Generation 704 | Mean fitness (Test): 2.29 | Mean Accuracy (Test): 0.09
Generation 720 | Mean fitness (Test): 2.31 | Mean Accuracy (Test): 0.09
Generation 736 | Mean fitness (Test): 2.30 | Mean Accuracy (Test): 0.13
Generation 752 | Mean fitness (Test): 2.33 | Mean Accuracy (Test): 0.09
Generation 768 | Mean fitness (Test): 2.30 | Mean Accuracy (Test): 0.17
Generation 784 | Mean fitness (Test): 2.31 | Mean Accuracy (Test): 0.12
Generation 800 | Mean fitness (Test): 2.32 | Mean Accuracy (Test): 0.09
Generation 816 | Mean fitness (Test): 2.31 | Mean Accuracy (Test): 0.09
Generation 832 | Mean fitness (Test): 2.30 | Mean Accuracy (Test): 0.12
Generation 848 | Mean fitness (Test): 2.31 | Mean Accuracy (Test): 0.13
Generation 864 | Mean fitness (Test): 2.30 | Mean Accuracy (Test): 0.12
Generation 880 | Mean fitness (Test): 2.31 | Mean Accuracy (Test): 0.09
Generation 896 | Mean fitness (Test): 2.30 | Mean Accuracy (Test): 0.13
Generation 912 | Mean fitness (Test): 2.32 | Mean Accuracy (Test): 0.07
Generation 928 | Mean fitness (Test): 2.30 | Mean Accuracy (Test): 0.10
Generation 944 | Mean fitness (Test): 2.32 | Mean Accuracy (Test): 0.09
Generation 960 | Mean fitness (Test): 2.30 | Mean Accuracy (Test): 0.15
Generation 976 | Mean fitness (Test): 2.28 | Mean Accuracy (Test): 0.15
Generation 992 | Mean fitness (Test): 2.30 | Mean Accuracy (Test): 0.05
running the experiment ... [../../results/TorchVisionProblem/MNIST/SNES/1]
Generation 016 | Mean fitness (Test): 49.72 | Mean Accuracy (Test): 0.14
Generation 032 | Mean fitness (Test): 56.35 | Mean Accuracy (Test): 0.24
Generation 048 | Mean fitness (Test): 39.06 | Mean Accuracy (Test): 0.40
Generation 064 | Mean fitness (Test): 43.86 | Mean Accuracy (Test): 0.25
Generation 080 | Mean fitness (Test): 22.92 | Mean Accuracy (Test): 0.16
Generation 096 | Mean fitness (Test): 4.63 | Mean Accuracy (Test): 0.06
Generation 112 | Mean fitness (Test): 3.78 | Mean Accuracy (Test): 0.13
Generation 128 | Mean fitness (Test): 3.80 | Mean Accuracy (Test): 0.10
Generation 144 | Mean fitness (Test): 3.34 | Mean Accuracy (Test): 0.08
Generation 160 | Mean fitness (Test): 3.45 | Mean Accuracy (Test): 0.10
Generation 176 | Mean fitness (Test): 3.26 | Mean Accuracy (Test): 0.09
Generation 192 | Mean fitness (Test): 2.66 | Mean Accuracy (Test): 0.08
Generation 208 | Mean fitness (Test): 2.39 | Mean Accuracy (Test): 0.07
Generation 224 | Mean fitness (Test): 2.31 | Mean Accuracy (Test): 0.10
Generation 240 | Mean fitness (Test): 2.27 | Mean Accuracy (Test): 0.14
Generation 256 | Mean fitness (Test): 2.32 | Mean Accuracy (Test): 0.12
Generation 272 | Mean fitness (Test): 2.32 | Mean Accuracy (Test): 0.11
Generation 288 | Mean fitness (Test): 2.30 | Mean Accuracy (Test): 0.05
Generation 304 | Mean fitness (Test): 2.30 | Mean Accuracy (Test): 0.06
Generation 320 | Mean fitness (Test): 2.34 | Mean Accuracy (Test): 0.07
Generation 336 | Mean fitness (Test): 2.32 | Mean Accuracy (Test): 0.11
Generation 352 | Mean fitness (Test): 2.32 | Mean Accuracy (Test): 0.10
Generation 368 | Mean fitness (Test): 2.34 | Mean Accuracy (Test): 0.10
Generation 384 | Mean fitness (Test): 2.33 | Mean Accuracy (Test): 0.07
Generation 400 | Mean fitness (Test): 2.30 | Mean Accuracy (Test): 0.18
Generation 416 | Mean fitness (Test): 2.30 | Mean Accuracy (Test): 0.12
Generation 432 | Mean fitness (Test): 2.33 | Mean Accuracy (Test): 0.09
Generation 448 | Mean fitness (Test): 2.31 | Mean Accuracy (Test): 0.12
Generation 464 | Mean fitness (Test): 2.31 | Mean Accuracy (Test): 0.09
Generation 480 | Mean fitness (Test): 2.33 | Mean Accuracy (Test): 0.10
Generation 496 | Mean fitness (Test): 2.32 | Mean Accuracy (Test): 0.09
Generation 512 | Mean fitness (Test): 2.31 | Mean Accuracy (Test): 0.10
Generation 528 | Mean fitness (Test): 2.30 | Mean Accuracy (Test): 0.13
Generation 544 | Mean fitness (Test): 2.31 | Mean Accuracy (Test): 0.12
Generation 560 | Mean fitness (Test): 2.30 | Mean Accuracy (Test): 0.10
Generation 576 | Mean fitness (Test): 2.29 | Mean Accuracy (Test): 0.16
Generation 592 | Mean fitness (Test): 2.31 | Mean Accuracy (Test): 0.12
Generation 608 | Mean fitness (Test): 2.32 | Mean Accuracy (Test): 0.07
Generation 624 | Mean fitness (Test): 2.33 | Mean Accuracy (Test): 0.09
Generation 640 | Mean fitness (Test): 2.30 | Mean Accuracy (Test): 0.10
Generation 656 | Mean fitness (Test): 2.33 | Mean Accuracy (Test): 0.05
Generation 672 | Mean fitness (Test): 2.30 | Mean Accuracy (Test): 0.13
Generation 688 | Mean fitness (Test): 2.31 | Mean Accuracy (Test): 0.09
Generation 704 | Mean fitness (Test): 2.29 | Mean Accuracy (Test): 0.12
Generation 720 | Mean fitness (Test): 2.32 | Mean Accuracy (Test): 0.10
Generation 736 | Mean fitness (Test): 2.31 | Mean Accuracy (Test): 0.09
Generation 752 | Mean fitness (Test): 2.31 | Mean Accuracy (Test): 0.09
Generation 768 | Mean fitness (Test): 2.33 | Mean Accuracy (Test): 0.09
Generation 784 | Mean fitness (Test): 2.30 | Mean Accuracy (Test): 0.09
Generation 800 | Mean fitness (Test): 2.31 | Mean Accuracy (Test): 0.10
Generation 816 | Mean fitness (Test): 2.30 | Mean Accuracy (Test): 0.12
Generation 832 | Mean fitness (Test): 2.27 | Mean Accuracy (Test): 0.17
Generation 848 | Mean fitness (Test): 2.30 | Mean Accuracy (Test): 0.09
Generation 864 | Mean fitness (Test): 2.30 | Mean Accuracy (Test): 0.11
Generation 880 | Mean fitness (Test): 2.31 | Mean Accuracy (Test): 0.07
Generation 896 | Mean fitness (Test): 2.33 | Mean Accuracy (Test): 0.09
Generation 912 | Mean fitness (Test): 2.32 | Mean Accuracy (Test): 0.08
Generation 928 | Mean fitness (Test): 2.32 | Mean Accuracy (Test): 0.10
Generation 944 | Mean fitness (Test): 2.31 | Mean Accuracy (Test): 0.09
Generation 960 | Mean fitness (Test): 2.32 | Mean Accuracy (Test): 0.14
Generation 976 | Mean fitness (Test): 2.32 | Mean Accuracy (Test): 0.08
Generation 992 | Mean fitness (Test): 2.31 | Mean Accuracy (Test): 0.10
running the experiment ... [../../results/TorchVisionProblem/MNIST/SNES/2]
Generation 016 | Mean fitness (Test): 55.08 | Mean Accuracy (Test): 0.22
Generation 032 | Mean fitness (Test): 48.82 | Mean Accuracy (Test): 0.30
Generation 048 | Mean fitness (Test): 39.05 | Mean Accuracy (Test): 0.33
Generation 064 | Mean fitness (Test): 41.81 | Mean Accuracy (Test): 0.23
Running ES algorithms:   0%|                                                 | 0/1 [00:00<?, ?it/s][Aslurmstepd: error: Detected 1 oom_kill event in StepId=7713840.0. Some of the step tasks have been OOM Killed.
srun: error: ise-pheno-12: task 0: Out Of Memory
