Wed 22 Oct 2025 06:23:00 IDT

SLURM_JOBID:		 7713844
SLURM_JOB_NODELIST:	 ise-pheno-02 

configuration parmas running: problem_type=vision es_algorithms=LES
Successfully loaded: MNIST
Loading Problems ..:   0%|                                                   | 0/4 [00:00<?, ?it/s]
running the experiment ... [../../results/TorchVisionProblem/MNIST/LearnedES/0]
Generation 016 | Mean fitness (Test): 168.00 | Mean Accuracy (Test): 0.16
Generation 032 | Mean fitness (Test): 165.95 | Mean Accuracy (Test): 0.12
Generation 048 | Mean fitness (Test): 149.76 | Mean Accuracy (Test): 0.19
Generation 064 | Mean fitness (Test): 125.65 | Mean Accuracy (Test): 0.23
Generation 080 | Mean fitness (Test): 91.26 | Mean Accuracy (Test): 0.20
Generation 096 | Mean fitness (Test): 38.20 | Mean Accuracy (Test): 0.12
Generation 112 | Mean fitness (Test): 14.82 | Mean Accuracy (Test): 0.09
Generation 128 | Mean fitness (Test): 7.12 | Mean Accuracy (Test): 0.11
Generation 144 | Mean fitness (Test): 4.29 | Mean Accuracy (Test): 0.11
Generation 160 | Mean fitness (Test): 3.48 | Mean Accuracy (Test): 0.10
Generation 176 | Mean fitness (Test): 2.69 | Mean Accuracy (Test): 0.07
Generation 192 | Mean fitness (Test): 2.39 | Mean Accuracy (Test): 0.15
Generation 208 | Mean fitness (Test): 2.31 | Mean Accuracy (Test): 0.14
Generation 224 | Mean fitness (Test): 2.54 | Mean Accuracy (Test): 0.11
Generation 240 | Mean fitness (Test): 2.46 | Mean Accuracy (Test): 0.08
Generation 256 | Mean fitness (Test): 2.31 | Mean Accuracy (Test): 0.11
Generation 272 | Mean fitness (Test): 2.32 | Mean Accuracy (Test): 0.07
Generation 288 | Mean fitness (Test): 2.30 | Mean Accuracy (Test): 0.08
Generation 304 | Mean fitness (Test): 2.34 | Mean Accuracy (Test): 0.09
Generation 320 | Mean fitness (Test): 2.31 | Mean Accuracy (Test): 0.11
Generation 336 | Mean fitness (Test): 2.29 | Mean Accuracy (Test): 0.10
Generation 352 | Mean fitness (Test): 2.39 | Mean Accuracy (Test): 0.08
Generation 368 | Mean fitness (Test): 2.32 | Mean Accuracy (Test): 0.09
Generation 384 | Mean fitness (Test): 2.30 | Mean Accuracy (Test): 0.09
Generation 400 | Mean fitness (Test): 2.49 | Mean Accuracy (Test): 0.08
Generation 416 | Mean fitness (Test): 2.30 | Mean Accuracy (Test): 0.12
Generation 432 | Mean fitness (Test): 2.32 | Mean Accuracy (Test): 0.05
Generation 448 | Mean fitness (Test): 2.30 | Mean Accuracy (Test): 0.12
Generation 464 | Mean fitness (Test): 2.32 | Mean Accuracy (Test): 0.10
Generation 480 | Mean fitness (Test): 2.29 | Mean Accuracy (Test): 0.12
Generation 496 | Mean fitness (Test): 2.34 | Mean Accuracy (Test): 0.07
Generation 512 | Mean fitness (Test): 2.43 | Mean Accuracy (Test): 0.12
Generation 528 | Mean fitness (Test): 2.32 | Mean Accuracy (Test): 0.09
Generation 544 | Mean fitness (Test): 2.30 | Mean Accuracy (Test): 0.12
Generation 560 | Mean fitness (Test): 2.31 | Mean Accuracy (Test): 0.10
Generation 576 | Mean fitness (Test): 2.39 | Mean Accuracy (Test): 0.09
Generation 592 | Mean fitness (Test): 2.30 | Mean Accuracy (Test): 0.17
Generation 608 | Mean fitness (Test): 2.32 | Mean Accuracy (Test): 0.13
Generation 624 | Mean fitness (Test): 2.36 | Mean Accuracy (Test): 0.06
Generation 640 | Mean fitness (Test): 2.29 | Mean Accuracy (Test): 0.10
Generation 656 | Mean fitness (Test): 2.31 | Mean Accuracy (Test): 0.09
Generation 672 | Mean fitness (Test): 2.31 | Mean Accuracy (Test): 0.09
Generation 688 | Mean fitness (Test): 2.65 | Mean Accuracy (Test): 0.10
Generation 704 | Mean fitness (Test): 2.38 | Mean Accuracy (Test): 0.09
Generation 720 | Mean fitness (Test): 2.64 | Mean Accuracy (Test): 0.09
Generation 736 | Mean fitness (Test): 2.29 | Mean Accuracy (Test): 0.16
Generation 752 | Mean fitness (Test): 2.30 | Mean Accuracy (Test): 0.09
Generation 768 | Mean fitness (Test): 2.31 | Mean Accuracy (Test): 0.05
Generation 784 | Mean fitness (Test): 2.32 | Mean Accuracy (Test): 0.05
Generation 800 | Mean fitness (Test): 2.30 | Mean Accuracy (Test): 0.09
Generation 816 | Mean fitness (Test): 2.31 | Mean Accuracy (Test): 0.10
Generation 832 | Mean fitness (Test): 2.31 | Mean Accuracy (Test): 0.04
Generation 848 | Mean fitness (Test): 2.30 | Mean Accuracy (Test): 0.09
Generation 864 | Mean fitness (Test): 2.30 | Mean Accuracy (Test): 0.12
Generation 880 | Mean fitness (Test): 2.31 | Mean Accuracy (Test): 0.12
Generation 896 | Mean fitness (Test): 2.31 | Mean Accuracy (Test): 0.10
Generation 912 | Mean fitness (Test): 2.32 | Mean Accuracy (Test): 0.05
Generation 928 | Mean fitness (Test): 2.28 | Mean Accuracy (Test): 0.12
Generation 944 | Mean fitness (Test): 2.79 | Mean Accuracy (Test): 0.09
Generation 960 | Mean fitness (Test): 2.36 | Mean Accuracy (Test): 0.14
Generation 976 | Mean fitness (Test): 2.29 | Mean Accuracy (Test): 0.11
Generation 992 | Mean fitness (Test): 2.31 | Mean Accuracy (Test): 0.13
running the experiment ... [../../results/TorchVisionProblem/MNIST/LearnedES/1]
Generation 016 | Mean fitness (Test): 144.95 | Mean Accuracy (Test): 0.20
Generation 032 | Mean fitness (Test): 110.45 | Mean Accuracy (Test): 0.37
Generation 048 | Mean fitness (Test): 134.34 | Mean Accuracy (Test): 0.30
Generation 064 | Mean fitness (Test): 122.82 | Mean Accuracy (Test): 0.31
Generation 080 | Mean fitness (Test): 100.54 | Mean Accuracy (Test): 0.30
Generation 096 | Mean fitness (Test): 49.36 | Mean Accuracy (Test): 0.17
Generation 112 | Mean fitness (Test): 17.90 | Mean Accuracy (Test): 0.11
Generation 128 | Mean fitness (Test): 10.14 | Mean Accuracy (Test): 0.10
Generation 144 | Mean fitness (Test): 4.00 | Mean Accuracy (Test): 0.09
Generation 160 | Mean fitness (Test): 3.68 | Mean Accuracy (Test): 0.06
Generation 176 | Mean fitness (Test): 3.29 | Mean Accuracy (Test): 0.12
Generation 192 | Mean fitness (Test): 2.59 | Mean Accuracy (Test): 0.09
Generation 208 | Mean fitness (Test): 2.42 | Mean Accuracy (Test): 0.08
Generation 224 | Mean fitness (Test): 2.35 | Mean Accuracy (Test): 0.09
Generation 240 | Mean fitness (Test): 2.27 | Mean Accuracy (Test): 0.14
Generation 256 | Mean fitness (Test): 2.38 | Mean Accuracy (Test): 0.12
Generation 272 | Mean fitness (Test): 2.26 | Mean Accuracy (Test): 0.11
Generation 288 | Mean fitness (Test): 2.34 | Mean Accuracy (Test): 0.16
Generation 304 | Mean fitness (Test): 2.31 | Mean Accuracy (Test): 0.12
Generation 320 | Mean fitness (Test): 2.31 | Mean Accuracy (Test): 0.06
Generation 336 | Mean fitness (Test): 2.30 | Mean Accuracy (Test): 0.11
Generation 352 | Mean fitness (Test): 2.31 | Mean Accuracy (Test): 0.09
Generation 368 | Mean fitness (Test): 2.30 | Mean Accuracy (Test): 0.11
Generation 384 | Mean fitness (Test): 2.30 | Mean Accuracy (Test): 0.07
Generation 400 | Mean fitness (Test): 2.31 | Mean Accuracy (Test): 0.11
Generation 416 | Mean fitness (Test): 2.29 | Mean Accuracy (Test): 0.16
Generation 432 | Mean fitness (Test): 2.45 | Mean Accuracy (Test): 0.19
Generation 448 | Mean fitness (Test): 2.31 | Mean Accuracy (Test): 0.12
Generation 464 | Mean fitness (Test): 2.31 | Mean Accuracy (Test): 0.10
Generation 480 | Mean fitness (Test): 2.32 | Mean Accuracy (Test): 0.10
Generation 496 | Mean fitness (Test): 2.30 | Mean Accuracy (Test): 0.09
Generation 512 | Mean fitness (Test): 2.29 | Mean Accuracy (Test): 0.10
Generation 528 | Mean fitness (Test): 2.30 | Mean Accuracy (Test): 0.09
Generation 544 | Mean fitness (Test): 2.30 | Mean Accuracy (Test): 0.12
Generation 560 | Mean fitness (Test): 2.30 | Mean Accuracy (Test): 0.10
Generation 576 | Mean fitness (Test): 2.29 | Mean Accuracy (Test): 0.16
Generation 592 | Mean fitness (Test): 2.30 | Mean Accuracy (Test): 0.12
Generation 608 | Mean fitness (Test): 2.31 | Mean Accuracy (Test): 0.09
Generation 624 | Mean fitness (Test): 2.50 | Mean Accuracy (Test): 0.09
Generation 640 | Mean fitness (Test): 2.30 | Mean Accuracy (Test): 0.10
Generation 656 | Mean fitness (Test): 2.31 | Mean Accuracy (Test): 0.11
Generation 672 | Mean fitness (Test): 2.32 | Mean Accuracy (Test): 0.13
Generation 688 | Mean fitness (Test): 2.30 | Mean Accuracy (Test): 0.10
Generation 704 | Mean fitness (Test): 2.31 | Mean Accuracy (Test): 0.12
Generation 720 | Mean fitness (Test): 2.32 | Mean Accuracy (Test): 0.07
Generation 736 | Mean fitness (Test): 2.30 | Mean Accuracy (Test): 0.09
Generation 752 | Mean fitness (Test): 2.32 | Mean Accuracy (Test): 0.11
Generation 768 | Mean fitness (Test): 2.31 | Mean Accuracy (Test): 0.07
Generation 784 | Mean fitness (Test): 2.41 | Mean Accuracy (Test): 0.15
Generation 800 | Mean fitness (Test): 2.31 | Mean Accuracy (Test): 0.07
Generation 816 | Mean fitness (Test): 2.30 | Mean Accuracy (Test): 0.12
Generation 832 | Mean fitness (Test): 2.28 | Mean Accuracy (Test): 0.11
Generation 848 | Mean fitness (Test): 2.38 | Mean Accuracy (Test): 0.19
Generation 864 | Mean fitness (Test): 2.32 | Mean Accuracy (Test): 0.11
Generation 880 | Mean fitness (Test): 2.31 | Mean Accuracy (Test): 0.10
Generation 896 | Mean fitness (Test): 2.32 | Mean Accuracy (Test): 0.09
Generation 912 | Mean fitness (Test): 2.33 | Mean Accuracy (Test): 0.08
Generation 928 | Mean fitness (Test): 2.35 | Mean Accuracy (Test): 0.10
Generation 944 | Mean fitness (Test): 2.30 | Mean Accuracy (Test): 0.14
Generation 960 | Mean fitness (Test): 2.32 | Mean Accuracy (Test): 0.14
Generation 976 | Mean fitness (Test): 2.31 | Mean Accuracy (Test): 0.08
Generation 992 | Mean fitness (Test): 2.32 | Mean Accuracy (Test): 0.08
running the experiment ... [../../results/TorchVisionProblem/MNIST/LearnedES/2]
Generation 016 | Mean fitness (Test): 126.94 | Mean Accuracy (Test): 0.24
Generation 032 | Mean fitness (Test): 142.35 | Mean Accuracy (Test): 0.24
Generation 048 | Mean fitness (Test): 133.43 | Mean Accuracy (Test): 0.19
Generation 064 | Mean fitness (Test): 99.06 | Mean Accuracy (Test): 0.21
Running ES algorithms:   0%|                                                 | 0/1 [00:00<?, ?it/s][Aslurmstepd: error: Detected 1 oom_kill event in StepId=7713844.0. Some of the step tasks have been OOM Killed.
srun: error: ise-pheno-02: task 0: Out Of Memory
