Wed 22 Oct 2025 06:02:25 IDT

SLURM_JOBID:		 7713839
SLURM_JOB_NODELIST:	 ise-pheno-02 

configuration parmas running: problem_type=vision es_algorithms=Open_ES
Successfully loaded: MNIST
Loading Problems ..:   0%|                                                   | 0/4 [00:00<?, ?it/s]
running the experiment ... [../../results/TorchVisionProblem/MNIST/Open_ES/0]
Generation 016 | Mean fitness (Test): 33.33 | Mean Accuracy (Test): 0.07
Generation 032 | Mean fitness (Test): 30.55 | Mean Accuracy (Test): 0.08
Generation 048 | Mean fitness (Test): 23.35 | Mean Accuracy (Test): 0.16
Generation 064 | Mean fitness (Test): 19.11 | Mean Accuracy (Test): 0.27
Generation 080 | Mean fitness (Test): 14.58 | Mean Accuracy (Test): 0.21
Generation 096 | Mean fitness (Test): 11.32 | Mean Accuracy (Test): 0.17
Generation 112 | Mean fitness (Test): 7.30 | Mean Accuracy (Test): 0.17
Generation 128 | Mean fitness (Test): 5.47 | Mean Accuracy (Test): 0.12
Generation 144 | Mean fitness (Test): 3.47 | Mean Accuracy (Test): 0.10
Generation 160 | Mean fitness (Test): 2.64 | Mean Accuracy (Test): 0.09
Generation 176 | Mean fitness (Test): 2.62 | Mean Accuracy (Test): 0.09
Generation 192 | Mean fitness (Test): 2.69 | Mean Accuracy (Test): 0.07
Generation 208 | Mean fitness (Test): 2.57 | Mean Accuracy (Test): 0.09
Generation 224 | Mean fitness (Test): 2.68 | Mean Accuracy (Test): 0.07
Generation 240 | Mean fitness (Test): 2.85 | Mean Accuracy (Test): 0.09
Generation 256 | Mean fitness (Test): 2.69 | Mean Accuracy (Test): 0.07
Generation 272 | Mean fitness (Test): 2.56 | Mean Accuracy (Test): 0.07
Generation 288 | Mean fitness (Test): 2.52 | Mean Accuracy (Test): 0.14
Generation 304 | Mean fitness (Test): 2.69 | Mean Accuracy (Test): 0.10
Generation 320 | Mean fitness (Test): 2.74 | Mean Accuracy (Test): 0.07
Generation 336 | Mean fitness (Test): 2.63 | Mean Accuracy (Test): 0.08
Generation 352 | Mean fitness (Test): 2.76 | Mean Accuracy (Test): 0.06
Generation 368 | Mean fitness (Test): 2.68 | Mean Accuracy (Test): 0.11
Generation 384 | Mean fitness (Test): 2.68 | Mean Accuracy (Test): 0.09
Generation 400 | Mean fitness (Test): 2.76 | Mean Accuracy (Test): 0.08
Generation 416 | Mean fitness (Test): 2.75 | Mean Accuracy (Test): 0.09
Generation 432 | Mean fitness (Test): 2.73 | Mean Accuracy (Test): 0.12
Generation 448 | Mean fitness (Test): 2.84 | Mean Accuracy (Test): 0.10
Generation 464 | Mean fitness (Test): 2.73 | Mean Accuracy (Test): 0.08
Generation 480 | Mean fitness (Test): 2.65 | Mean Accuracy (Test): 0.08
Generation 496 | Mean fitness (Test): 2.65 | Mean Accuracy (Test): 0.11
Generation 512 | Mean fitness (Test): 2.58 | Mean Accuracy (Test): 0.12
Generation 528 | Mean fitness (Test): 2.53 | Mean Accuracy (Test): 0.09
Generation 544 | Mean fitness (Test): 2.37 | Mean Accuracy (Test): 0.10
Generation 560 | Mean fitness (Test): 2.37 | Mean Accuracy (Test): 0.09
Generation 576 | Mean fitness (Test): 2.33 | Mean Accuracy (Test): 0.12
Generation 592 | Mean fitness (Test): 2.30 | Mean Accuracy (Test): 0.12
Generation 608 | Mean fitness (Test): 2.32 | Mean Accuracy (Test): 0.13
Generation 624 | Mean fitness (Test): 2.32 | Mean Accuracy (Test): 0.06
Generation 640 | Mean fitness (Test): 2.29 | Mean Accuracy (Test): 0.10
Generation 656 | Mean fitness (Test): 2.31 | Mean Accuracy (Test): 0.09
Generation 672 | Mean fitness (Test): 2.30 | Mean Accuracy (Test): 0.14
Generation 688 | Mean fitness (Test): 2.35 | Mean Accuracy (Test): 0.10
Generation 704 | Mean fitness (Test): 2.30 | Mean Accuracy (Test): 0.14
Generation 720 | Mean fitness (Test): 2.30 | Mean Accuracy (Test): 0.15
Generation 736 | Mean fitness (Test): 2.30 | Mean Accuracy (Test): 0.16
Generation 752 | Mean fitness (Test): 2.31 | Mean Accuracy (Test): 0.09
Generation 768 | Mean fitness (Test): 2.30 | Mean Accuracy (Test): 0.17
Generation 784 | Mean fitness (Test): 2.32 | Mean Accuracy (Test): 0.12
Generation 800 | Mean fitness (Test): 2.31 | Mean Accuracy (Test): 0.12
Generation 816 | Mean fitness (Test): 2.30 | Mean Accuracy (Test): 0.12
Generation 832 | Mean fitness (Test): 2.32 | Mean Accuracy (Test): 0.12
Generation 848 | Mean fitness (Test): 2.30 | Mean Accuracy (Test): 0.11
Generation 864 | Mean fitness (Test): 2.30 | Mean Accuracy (Test): 0.12
Generation 880 | Mean fitness (Test): 2.30 | Mean Accuracy (Test): 0.11
Generation 896 | Mean fitness (Test): 2.31 | Mean Accuracy (Test): 0.11
Generation 912 | Mean fitness (Test): 2.32 | Mean Accuracy (Test): 0.05
Generation 928 | Mean fitness (Test): 2.29 | Mean Accuracy (Test): 0.12
Generation 944 | Mean fitness (Test): 2.30 | Mean Accuracy (Test): 0.09
Generation 960 | Mean fitness (Test): 2.31 | Mean Accuracy (Test): 0.07
Generation 976 | Mean fitness (Test): 2.28 | Mean Accuracy (Test): 0.15
Generation 992 | Mean fitness (Test): 2.30 | Mean Accuracy (Test): 0.12
running the experiment ... [../../results/TorchVisionProblem/MNIST/Open_ES/1]
Generation 016 | Mean fitness (Test): 33.60 | Mean Accuracy (Test): 0.12
Generation 032 | Mean fitness (Test): 38.58 | Mean Accuracy (Test): 0.11
Generation 048 | Mean fitness (Test): 32.64 | Mean Accuracy (Test): 0.07
Generation 064 | Mean fitness (Test): 20.66 | Mean Accuracy (Test): 0.12
Generation 080 | Mean fitness (Test): 21.50 | Mean Accuracy (Test): 0.10
Generation 096 | Mean fitness (Test): 14.33 | Mean Accuracy (Test): 0.13
Generation 112 | Mean fitness (Test): 7.35 | Mean Accuracy (Test): 0.09
Generation 128 | Mean fitness (Test): 4.19 | Mean Accuracy (Test): 0.09
Generation 144 | Mean fitness (Test): 3.02 | Mean Accuracy (Test): 0.12
Generation 160 | Mean fitness (Test): 2.78 | Mean Accuracy (Test): 0.09
Generation 176 | Mean fitness (Test): 2.64 | Mean Accuracy (Test): 0.09
Generation 192 | Mean fitness (Test): 2.62 | Mean Accuracy (Test): 0.09
Generation 208 | Mean fitness (Test): 2.78 | Mean Accuracy (Test): 0.08
Generation 224 | Mean fitness (Test): 2.83 | Mean Accuracy (Test): 0.09
Generation 240 | Mean fitness (Test): 2.79 | Mean Accuracy (Test): 0.14
Generation 256 | Mean fitness (Test): 2.75 | Mean Accuracy (Test): 0.12
Generation 272 | Mean fitness (Test): 2.81 | Mean Accuracy (Test): 0.12
Generation 288 | Mean fitness (Test): 2.73 | Mean Accuracy (Test): 0.09
Generation 304 | Mean fitness (Test): 2.82 | Mean Accuracy (Test): 0.06
Generation 320 | Mean fitness (Test): 2.46 | Mean Accuracy (Test): 0.15
Generation 336 | Mean fitness (Test): 2.57 | Mean Accuracy (Test): 0.13
Generation 352 | Mean fitness (Test): 2.63 | Mean Accuracy (Test): 0.10
Generation 368 | Mean fitness (Test): 2.46 | Mean Accuracy (Test): 0.12
Generation 384 | Mean fitness (Test): 2.60 | Mean Accuracy (Test): 0.12
Generation 400 | Mean fitness (Test): 2.67 | Mean Accuracy (Test): 0.05
Generation 416 | Mean fitness (Test): 2.61 | Mean Accuracy (Test): 0.09
Generation 432 | Mean fitness (Test): 2.55 | Mean Accuracy (Test): 0.09
Generation 448 | Mean fitness (Test): 2.59 | Mean Accuracy (Test): 0.08
Generation 464 | Mean fitness (Test): 2.40 | Mean Accuracy (Test): 0.11
Generation 480 | Mean fitness (Test): 2.47 | Mean Accuracy (Test): 0.07
Generation 496 | Mean fitness (Test): 2.49 | Mean Accuracy (Test): 0.10
Generation 512 | Mean fitness (Test): 2.42 | Mean Accuracy (Test): 0.10
Generation 528 | Mean fitness (Test): 2.41 | Mean Accuracy (Test): 0.09
Generation 544 | Mean fitness (Test): 2.32 | Mean Accuracy (Test): 0.08
Generation 560 | Mean fitness (Test): 2.29 | Mean Accuracy (Test): 0.12
Generation 576 | Mean fitness (Test): 2.29 | Mean Accuracy (Test): 0.16
Generation 592 | Mean fitness (Test): 2.31 | Mean Accuracy (Test): 0.12
Generation 608 | Mean fitness (Test): 2.33 | Mean Accuracy (Test): 0.09
Generation 624 | Mean fitness (Test): 2.32 | Mean Accuracy (Test): 0.10
Generation 640 | Mean fitness (Test): 2.31 | Mean Accuracy (Test): 0.09
Generation 656 | Mean fitness (Test): 2.30 | Mean Accuracy (Test): 0.12
Generation 672 | Mean fitness (Test): 2.32 | Mean Accuracy (Test): 0.09
Generation 688 | Mean fitness (Test): 2.31 | Mean Accuracy (Test): 0.07
Generation 704 | Mean fitness (Test): 2.31 | Mean Accuracy (Test): 0.12
Generation 720 | Mean fitness (Test): 2.31 | Mean Accuracy (Test): 0.13
Generation 736 | Mean fitness (Test): 2.30 | Mean Accuracy (Test): 0.09
Generation 752 | Mean fitness (Test): 2.31 | Mean Accuracy (Test): 0.11
Generation 768 | Mean fitness (Test): 2.32 | Mean Accuracy (Test): 0.09
Generation 784 | Mean fitness (Test): 2.31 | Mean Accuracy (Test): 0.09
Generation 800 | Mean fitness (Test): 2.31 | Mean Accuracy (Test): 0.11
Generation 816 | Mean fitness (Test): 2.31 | Mean Accuracy (Test): 0.09
Generation 832 | Mean fitness (Test): 2.28 | Mean Accuracy (Test): 0.11
Generation 848 | Mean fitness (Test): 2.29 | Mean Accuracy (Test): 0.12
Generation 864 | Mean fitness (Test): 2.30 | Mean Accuracy (Test): 0.11
Generation 880 | Mean fitness (Test): 2.31 | Mean Accuracy (Test): 0.13
Generation 896 | Mean fitness (Test): 2.31 | Mean Accuracy (Test): 0.10
Generation 912 | Mean fitness (Test): 2.32 | Mean Accuracy (Test): 0.08
Generation 928 | Mean fitness (Test): 2.31 | Mean Accuracy (Test): 0.08
Generation 944 | Mean fitness (Test): 2.32 | Mean Accuracy (Test): 0.08
Generation 960 | Mean fitness (Test): 2.31 | Mean Accuracy (Test): 0.05
Generation 976 | Mean fitness (Test): 2.31 | Mean Accuracy (Test): 0.11
Generation 992 | Mean fitness (Test): 2.30 | Mean Accuracy (Test): 0.15
running the experiment ... [../../results/TorchVisionProblem/MNIST/Open_ES/2]
Generation 016 | Mean fitness (Test): 43.79 | Mean Accuracy (Test): 0.02
Generation 032 | Mean fitness (Test): 38.62 | Mean Accuracy (Test): 0.07
Generation 048 | Mean fitness (Test): 23.82 | Mean Accuracy (Test): 0.10
Generation 064 | Mean fitness (Test): 17.10 | Mean Accuracy (Test): 0.16
Running ES algorithms:   0%|                                                 | 0/1 [00:00<?, ?it/s][Aslurmstepd: error: Detected 1 oom_kill event in StepId=7713839.0. Some of the step tasks have been OOM Killed.
srun: error: ise-pheno-02: task 0: Out Of Memory
