Mon 10 Nov 2025 07:22:26 IST

SLURM_JOBID:		 8060815
SLURM_JOB_NODELIST:	 ise-3090-01 

configuration parmas running: problem_type=vision es_algorithms=PGPE
Successfully loaded: MNIST
Loading Problems ..:   0%|                                                                    | 0/4 [00:00<?, ?it/s]
running the experiment ... [../../results/TorchVisionProblem/MNIST/PGPE/0]
Running ES algorithms:   0%|                                                                  | 0/1 [00:00<?, ?it/s][A2025-11-10 07:22:58.803156: W external/xla/xla/tsl/framework/bfc_allocator.cc:310] Allocator (GPU_0_bfc) ran out of memory trying to allocate 6.14GiB with freed_by_count=0. The caller indicates that this is not a failure, but this may mean that there could be performance gains if more memory were available.
2025-11-10 07:22:58.803205: W external/xla/xla/tsl/framework/bfc_allocator.cc:310] Allocator (GPU_0_bfc) ran out of memory trying to allocate 6.14GiB with freed_by_count=0. The caller indicates that this is not a failure, but this may mean that there could be performance gains if more memory were available.
2025-11-10 07:22:58.803245: W external/xla/xla/tsl/framework/bfc_allocator.cc:310] Allocator (GPU_0_bfc) ran out of memory trying to allocate 6.14GiB with freed_by_count=0. The caller indicates that this is not a failure, but this may mean that there could be performance gains if more memory were available.
2025-11-10 07:22:58.803267: W external/xla/xla/tsl/framework/bfc_allocator.cc:310] Allocator (GPU_0_bfc) ran out of memory trying to allocate 6.15GiB with freed_by_count=0. The caller indicates that this is not a failure, but this may mean that there could be performance gains if more memory were available.
2025-11-10 07:22:58.929958: W external/xla/xla/tsl/framework/bfc_allocator.cc:310] Allocator (GPU_0_bfc) ran out of memory trying to allocate 6.15GiB with freed_by_count=0. The caller indicates that this is not a failure, but this may mean that there could be performance gains if more memory were available.
2025-11-10 07:22:58.930015: W external/xla/xla/tsl/framework/bfc_allocator.cc:310] Allocator (GPU_0_bfc) ran out of memory trying to allocate 6.15GiB with freed_by_count=0. The caller indicates that this is not a failure, but this may mean that there could be performance gains if more memory were available.
2025-11-10 07:22:58.930035: W external/xla/xla/tsl/framework/bfc_allocator.cc:310] Allocator (GPU_0_bfc) ran out of memory trying to allocate 6.15GiB with freed_by_count=0. The caller indicates that this is not a failure, but this may mean that there could be performance gains if more memory were available.
2025-11-10 07:22:58.930054: W external/xla/xla/tsl/framework/bfc_allocator.cc:310] Allocator (GPU_0_bfc) ran out of memory trying to allocate 6.15GiB with freed_by_count=0. The caller indicates that this is not a failure, but this may mean that there could be performance gains if more memory were available.
2025-11-10 07:22:58.930079: W external/xla/xla/tsl/framework/bfc_allocator.cc:310] Allocator (GPU_0_bfc) ran out of memory trying to allocate 6.15GiB with freed_by_count=0. The caller indicates that this is not a failure, but this may mean that there could be performance gains if more memory were available.
2025-11-10 07:22:58.930099: W external/xla/xla/tsl/framework/bfc_allocator.cc:310] Allocator (GPU_0_bfc) ran out of memory trying to allocate 6.15GiB with freed_by_count=0. The caller indicates that this is not a failure, but this may mean that there could be performance gains if more memory were available.
Generation 005 | Best fitness (Train): 7.23 | Best fitness in generation (Train): 7.23 | Mean fitness (Train): 10.14 | Mean fitness (Test): 2.73
 | Mean Accuracy (Test): 0.30
Generation 010 | Best fitness (Train): 6.08 | Best fitness in generation (Train): 6.08 | Mean fitness (Train): 8.85 | Mean fitness (Test): 2.73
 | Mean Accuracy (Test): 0.32
Generation 015 | Best fitness (Train): 5.28 | Best fitness in generation (Train): 5.28 | Mean fitness (Train): 7.69 | Mean fitness (Test): 2.74
 | Mean Accuracy (Test): 0.36
Generation 020 | Best fitness (Train): 5.08 | Best fitness in generation (Train): 5.08 | Mean fitness (Train): 7.03 | Mean fitness (Test): 2.55
 | Mean Accuracy (Test): 0.40
Generation 025 | Best fitness (Train): 4.72 | Best fitness in generation (Train): 4.72 | Mean fitness (Train): 6.42 | Mean fitness (Test): 2.39
 | Mean Accuracy (Test): 0.45
Generation 030 | Best fitness (Train): 4.08 | Best fitness in generation (Train): 4.79 | Mean fitness (Train): 6.14 | Mean fitness (Test): 2.15
 | Mean Accuracy (Test): 0.50
Generation 035 | Best fitness (Train): 3.74 | Best fitness in generation (Train): 3.74 | Mean fitness (Train): 5.37 | Mean fitness (Test): 1.96
 | Mean Accuracy (Test): 0.55
Generation 040 | Best fitness (Train): 3.28 | Best fitness in generation (Train): 3.57 | Mean fitness (Train): 4.97 | Mean fitness (Test): 1.81
 | Mean Accuracy (Test): 0.57
Generation 045 | Best fitness (Train): 2.91 | Best fitness in generation (Train): 3.33 | Mean fitness (Train): 4.40 | Mean fitness (Test): 1.52
 | Mean Accuracy (Test): 0.61
Generation 050 | Best fitness (Train): 2.88 | Best fitness in generation (Train): 2.88 | Mean fitness (Train): 4.04 | Mean fitness (Test): 1.48
 | Mean Accuracy (Test): 0.62
Generation 055 | Best fitness (Train): 2.59 | Best fitness in generation (Train): 2.75 | Mean fitness (Train): 3.90 | Mean fitness (Test): 1.45
 | Mean Accuracy (Test): 0.62
Generation 060 | Best fitness (Train): 2.40 | Best fitness in generation (Train): 2.70 | Mean fitness (Train): 3.52 | Mean fitness (Test): 1.47
 | Mean Accuracy (Test): 0.60
Generation 065 | Best fitness (Train): 2.25 | Best fitness in generation (Train): 2.39 | Mean fitness (Train): 3.29 | Mean fitness (Test): 1.33
 | Mean Accuracy (Test): 0.65
Generation 070 | Best fitness (Train): 2.25 | Best fitness in generation (Train): 2.33 | Mean fitness (Train): 3.01 | Mean fitness (Test): 1.35
 | Mean Accuracy (Test): 0.65
Generation 075 | Best fitness (Train): 2.05 | Best fitness in generation (Train): 2.23 | Mean fitness (Train): 2.93 | Mean fitness (Test): 1.25
 | Mean Accuracy (Test): 0.66
Generation 080 | Best fitness (Train): 1.96 | Best fitness in generation (Train): 2.07 | Mean fitness (Train): 2.63 | Mean fitness (Test): 1.21
 | Mean Accuracy (Test): 0.67
Generation 085 | Best fitness (Train): 1.70 | Best fitness in generation (Train): 1.74 | Mean fitness (Train): 2.58 | Mean fitness (Test): 1.13
 | Mean Accuracy (Test): 0.67
Generation 090 | Best fitness (Train): 1.60 | Best fitness in generation (Train): 1.67 | Mean fitness (Train): 2.27 | Mean fitness (Test): 1.17
 | Mean Accuracy (Test): 0.66
Generation 095 | Best fitness (Train): 1.58 | Best fitness in generation (Train): 1.74 | Mean fitness (Train): 2.25 | Mean fitness (Test): 1.15
 | Mean Accuracy (Test): 0.68
Generation 100 | Best fitness (Train): 1.51 | Best fitness in generation (Train): 1.61 | Mean fitness (Train): 2.18 | Mean fitness (Test): 1.07
 | Mean Accuracy (Test): 0.69
Generation 105 | Best fitness (Train): 1.49 | Best fitness in generation (Train): 1.49 | Mean fitness (Train): 1.99 | Mean fitness (Test): 1.04
 | Mean Accuracy (Test): 0.68
Generation 110 | Best fitness (Train): 1.48 | Best fitness in generation (Train): 1.54 | Mean fitness (Train): 1.98 | Mean fitness (Test): 1.01
 | Mean Accuracy (Test): 0.68
Generation 115 | Best fitness (Train): 1.35 | Best fitness in generation (Train): 1.46 | Mean fitness (Train): 1.96 | Mean fitness (Test): 0.88
 | Mean Accuracy (Test): 0.72
Generation 120 | Best fitness (Train): 1.24 | Best fitness in generation (Train): 1.26 | Mean fitness (Train): 1.84 | Mean fitness (Test): 0.96
 | Mean Accuracy (Test): 0.68
Generation 125 | Best fitness (Train): 1.24 | Best fitness in generation (Train): 1.33 | Mean fitness (Train): 1.81 | Mean fitness (Test): 0.90
 | Mean Accuracy (Test): 0.72
Generation 130 | Best fitness (Train): 1.13 | Best fitness in generation (Train): 1.32 | Mean fitness (Train): 1.73 | Mean fitness (Test): 0.83
 | Mean Accuracy (Test): 0.74
Generation 135 | Best fitness (Train): 1.08 | Best fitness in generation (Train): 1.08 | Mean fitness (Train): 1.50 | Mean fitness (Test): 0.84
 | Mean Accuracy (Test): 0.74
Generation 140 | Best fitness (Train): 1.07 | Best fitness in generation (Train): 1.07 | Mean fitness (Train): 1.47 | Mean fitness (Test): 0.87
 | Mean Accuracy (Test): 0.72
Generation 145 | Best fitness (Train): 1.00 | Best fitness in generation (Train): 1.09 | Mean fitness (Train): 1.51 | Mean fitness (Test): 0.82
 | Mean Accuracy (Test): 0.75
Generation 150 | Best fitness (Train): 1.00 | Best fitness in generation (Train): 1.00 | Mean fitness (Train): 1.41 | Mean fitness (Test): 0.72
 | Mean Accuracy (Test): 0.78
Generation 155 | Best fitness (Train): 0.97 | Best fitness in generation (Train): 1.09 | Mean fitness (Train): 1.42 | Mean fitness (Test): 0.67
 | Mean Accuracy (Test): 0.78
Generation 160 | Best fitness (Train): 0.89 | Best fitness in generation (Train): 1.10 | Mean fitness (Train): 1.47 | Mean fitness (Test): 0.61
 | Mean Accuracy (Test): 0.82
Generation 165 | Best fitness (Train): 0.89 | Best fitness in generation (Train): 0.93 | Mean fitness (Train): 1.26 | Mean fitness (Test): 0.69
 | Mean Accuracy (Test): 0.80
Generation 170 | Best fitness (Train): 0.87 | Best fitness in generation (Train): 0.87 | Mean fitness (Train): 1.23 | Mean fitness (Test): 0.64
 | Mean Accuracy (Test): 0.79
